Archive member included to satisfy reference by file (symbol)

c:/gcc-arm-none-eabi-10-2020-q4-major/bin/../lib/gcc/arm-none-eabi/10.2.1/../../../../arm-none-eabi/lib/thumb/v6-m/nofp\libc_nano.a(lib_a-exit.o)
                              c:/gcc-arm-none-eabi-10-2020-q4-major/bin/../lib/gcc/arm-none-eabi/10.2.1/../../../../arm-none-eabi/lib/thumb/v6-m/nofp/crt0.o (exit)
c:/gcc-arm-none-eabi-10-2020-q4-major/bin/../lib/gcc/arm-none-eabi/10.2.1/../../../../arm-none-eabi/lib/thumb/v6-m/nofp\libc_nano.a(lib_a-impure.o)
                              c:/gcc-arm-none-eabi-10-2020-q4-major/bin/../lib/gcc/arm-none-eabi/10.2.1/../../../../arm-none-eabi/lib/thumb/v6-m/nofp\libc_nano.a(lib_a-exit.o) (_global_impure_ptr)
c:/gcc-arm-none-eabi-10-2020-q4-major/bin/../lib/gcc/arm-none-eabi/10.2.1/../../../../arm-none-eabi/lib/thumb/v6-m/nofp\libc_nano.a(lib_a-init.o)
                              c:/gcc-arm-none-eabi-10-2020-q4-major/bin/../lib/gcc/arm-none-eabi/10.2.1/../../../../arm-none-eabi/lib/thumb/v6-m/nofp/crt0.o (__libc_init_array)
c:/gcc-arm-none-eabi-10-2020-q4-major/bin/../lib/gcc/arm-none-eabi/10.2.1/../../../../arm-none-eabi/lib/thumb/v6-m/nofp\libc_nano.a(lib_a-memset.o)
                              c:/gcc-arm-none-eabi-10-2020-q4-major/bin/../lib/gcc/arm-none-eabi/10.2.1/../../../../arm-none-eabi/lib/thumb/v6-m/nofp/crt0.o (memset)
c:/gcc-arm-none-eabi-10-2020-q4-major/bin/../lib/gcc/arm-none-eabi/10.2.1/../../../../arm-none-eabi/lib/thumb/v6-m/nofp\libnosys.a(_exit.o)
                              c:/gcc-arm-none-eabi-10-2020-q4-major/bin/../lib/gcc/arm-none-eabi/10.2.1/../../../../arm-none-eabi/lib/thumb/v6-m/nofp\libc_nano.a(lib_a-exit.o) (_exit)
c:/gcc-arm-none-eabi-10-2020-q4-major/bin/../lib/gcc/arm-none-eabi/10.2.1/thumb/v6-m/nofp\libgcc.a(_udivsi3.o)
                              build/stm32c0xx_hal.o (__aeabi_uidiv)
c:/gcc-arm-none-eabi-10-2020-q4-major/bin/../lib/gcc/arm-none-eabi/10.2.1/thumb/v6-m/nofp\libgcc.a(_dvmd_tls.o)
                              c:/gcc-arm-none-eabi-10-2020-q4-major/bin/../lib/gcc/arm-none-eabi/10.2.1/thumb/v6-m/nofp\libgcc.a(_udivsi3.o) (__aeabi_idiv0)

Discarded input sections

 .text          0x00000000        0x0 c:/gcc-arm-none-eabi-10-2020-q4-major/bin/../lib/gcc/arm-none-eabi/10.2.1/thumb/v6-m/nofp/crti.o
 .data          0x00000000        0x0 c:/gcc-arm-none-eabi-10-2020-q4-major/bin/../lib/gcc/arm-none-eabi/10.2.1/thumb/v6-m/nofp/crti.o
 .bss           0x00000000        0x0 c:/gcc-arm-none-eabi-10-2020-q4-major/bin/../lib/gcc/arm-none-eabi/10.2.1/thumb/v6-m/nofp/crti.o
 .data          0x00000000        0x4 c:/gcc-arm-none-eabi-10-2020-q4-major/bin/../lib/gcc/arm-none-eabi/10.2.1/thumb/v6-m/nofp/crtbegin.o
 .rodata        0x00000000       0x24 c:/gcc-arm-none-eabi-10-2020-q4-major/bin/../lib/gcc/arm-none-eabi/10.2.1/thumb/v6-m/nofp/crtbegin.o
 .text          0x00000000       0x80 c:/gcc-arm-none-eabi-10-2020-q4-major/bin/../lib/gcc/arm-none-eabi/10.2.1/../../../../arm-none-eabi/lib/thumb/v6-m/nofp/crt0.o
 .data          0x00000000        0x0 c:/gcc-arm-none-eabi-10-2020-q4-major/bin/../lib/gcc/arm-none-eabi/10.2.1/../../../../arm-none-eabi/lib/thumb/v6-m/nofp/crt0.o
 .bss           0x00000000        0x0 c:/gcc-arm-none-eabi-10-2020-q4-major/bin/../lib/gcc/arm-none-eabi/10.2.1/../../../../arm-none-eabi/lib/thumb/v6-m/nofp/crt0.o
 .ARM.extab     0x00000000        0x0 c:/gcc-arm-none-eabi-10-2020-q4-major/bin/../lib/gcc/arm-none-eabi/10.2.1/../../../../arm-none-eabi/lib/thumb/v6-m/nofp/crt0.o
 .ARM.exidx     0x00000000       0x10 c:/gcc-arm-none-eabi-10-2020-q4-major/bin/../lib/gcc/arm-none-eabi/10.2.1/../../../../arm-none-eabi/lib/thumb/v6-m/nofp/crt0.o
 .ARM.attributes
                0x00000000       0x1b c:/gcc-arm-none-eabi-10-2020-q4-major/bin/../lib/gcc/arm-none-eabi/10.2.1/../../../../arm-none-eabi/lib/thumb/v6-m/nofp/crt0.o
 .text          0x00000000        0x0 build/main.o
 .data          0x00000000        0x0 build/main.o
 .bss           0x00000000        0x0 build/main.o
 .text          0x00000000        0x0 build/gpio.o
 .data          0x00000000        0x0 build/gpio.o
 .bss           0x00000000        0x0 build/gpio.o
 .text          0x00000000        0x0 build/stm32c0xx_it.o
 .data          0x00000000        0x0 build/stm32c0xx_it.o
 .bss           0x00000000        0x0 build/stm32c0xx_it.o
 .text          0x00000000        0x0 build/stm32c0xx_hal_msp.o
 .data          0x00000000        0x0 build/stm32c0xx_hal_msp.o
 .bss           0x00000000        0x0 build/stm32c0xx_hal_msp.o
 .text          0x00000000        0x0 build/stm32c0xx_hal.o
 .data          0x00000000        0x0 build/stm32c0xx_hal.o
 .bss           0x00000000        0x0 build/stm32c0xx_hal.o
 .text.HAL_MspInit
                0x00000000        0x2 build/stm32c0xx_hal.o
 .text.HAL_MspDeInit
                0x00000000        0x2 build/stm32c0xx_hal.o
 .text.HAL_DeInit
                0x00000000       0x28 build/stm32c0xx_hal.o
 .text.HAL_GetTickPrio
                0x00000000        0xc build/stm32c0xx_hal.o
 .text.HAL_SetTickFreq
                0x00000000       0x2c build/stm32c0xx_hal.o
 .text.HAL_GetTickFreq
                0x00000000        0xc build/stm32c0xx_hal.o
 .text.HAL_SuspendTick
                0x00000000       0x10 build/stm32c0xx_hal.o
 .text.HAL_ResumeTick
                0x00000000       0x10 build/stm32c0xx_hal.o
 .text.HAL_GetHalVersion
                0x00000000        0x6 build/stm32c0xx_hal.o
 .text.HAL_GetREVID
                0x00000000        0xc build/stm32c0xx_hal.o
 .text.HAL_GetDEVID
                0x00000000       0x10 build/stm32c0xx_hal.o
 .text.HAL_GetUIDw0
                0x00000000        0xc build/stm32c0xx_hal.o
 .text.HAL_GetUIDw1
                0x00000000        0xc build/stm32c0xx_hal.o
 .text.HAL_GetUIDw2
                0x00000000        0xc build/stm32c0xx_hal.o
 .text.HAL_DBGMCU_EnableDBGStopMode
                0x00000000       0x10 build/stm32c0xx_hal.o
 .text.HAL_DBGMCU_DisableDBGStopMode
                0x00000000       0x10 build/stm32c0xx_hal.o
 .text.HAL_DBGMCU_EnableDBGStandbyMode
                0x00000000       0x10 build/stm32c0xx_hal.o
 .text.HAL_DBGMCU_DisableDBGStandbyMode
                0x00000000       0x10 build/stm32c0xx_hal.o
 .text.HAL_SYSCFG_EnableRemap
                0x00000000       0x10 build/stm32c0xx_hal.o
 .text.HAL_SYSCFG_DisableRemap
                0x00000000       0x10 build/stm32c0xx_hal.o
 .text.HAL_SYSCFG_SetPinBinding
                0x00000000       0x18 build/stm32c0xx_hal.o
 .text.HAL_SYSCFG_GetPinBinding
                0x00000000       0x10 build/stm32c0xx_hal.o
 .text          0x00000000        0x0 build/stm32c0xx_hal_cortex.o
 .data          0x00000000        0x0 build/stm32c0xx_hal_cortex.o
 .bss           0x00000000        0x0 build/stm32c0xx_hal_cortex.o
 .text.HAL_NVIC_EnableIRQ
                0x00000000       0x18 build/stm32c0xx_hal_cortex.o
 .text.HAL_NVIC_DisableIRQ
                0x00000000       0x20 build/stm32c0xx_hal_cortex.o
 .text.HAL_NVIC_SystemReset
                0x00000000       0x1c build/stm32c0xx_hal_cortex.o
 .text.HAL_NVIC_GetPriority
                0x00000000       0x4c build/stm32c0xx_hal_cortex.o
 .text.HAL_NVIC_SetPendingIRQ
                0x00000000       0x1c build/stm32c0xx_hal_cortex.o
 .text.HAL_NVIC_GetPendingIRQ
                0x00000000       0x20 build/stm32c0xx_hal_cortex.o
 .text.HAL_NVIC_ClearPendingIRQ
                0x00000000       0x1c build/stm32c0xx_hal_cortex.o
 .text.HAL_SYSTICK_CLKSourceConfig
                0x00000000       0x20 build/stm32c0xx_hal_cortex.o
 .text.HAL_SYSTICK_Callback
                0x00000000        0x2 build/stm32c0xx_hal_cortex.o
 .text.HAL_SYSTICK_IRQHandler
                0x00000000        0x8 build/stm32c0xx_hal_cortex.o
 .text.HAL_MPU_Enable
                0x00000000       0x18 build/stm32c0xx_hal_cortex.o
 .text.HAL_MPU_Disable
                0x00000000       0x10 build/stm32c0xx_hal_cortex.o
 .text.HAL_MPU_EnableRegion
                0x00000000       0x14 build/stm32c0xx_hal_cortex.o
 .text.HAL_MPU_DisableRegion
                0x00000000       0x14 build/stm32c0xx_hal_cortex.o
 .text.HAL_MPU_ConfigRegion
                0x00000000       0x4c build/stm32c0xx_hal_cortex.o
 .text          0x00000000        0x0 build/stm32c0xx_hal_rcc.o
 .data          0x00000000        0x0 build/stm32c0xx_hal_rcc.o
 .bss           0x00000000        0x0 build/stm32c0xx_hal_rcc.o
 .text.HAL_RCC_DeInit
                0x00000000       0xc0 build/stm32c0xx_hal_rcc.o
 .text.HAL_RCC_MCOConfig
                0x00000000       0x8c build/stm32c0xx_hal_rcc.o
 .text.HAL_RCC_GetHCLKFreq
                0x00000000       0x30 build/stm32c0xx_hal_rcc.o
 .text.HAL_RCC_GetPCLK1Freq
                0x00000000       0x28 build/stm32c0xx_hal_rcc.o
 .text.HAL_RCC_GetOscConfig
                0x00000000       0x44 build/stm32c0xx_hal_rcc.o
 .text.HAL_RCC_GetClockConfig
                0x00000000       0x3c build/stm32c0xx_hal_rcc.o
 .text.HAL_RCC_EnableCSS
                0x00000000       0x14 build/stm32c0xx_hal_rcc.o
 .text.HAL_RCC_EnableLSECSS
                0x00000000       0x10 build/stm32c0xx_hal_rcc.o
 .text.HAL_RCC_DisableLSECSS
                0x00000000       0x10 build/stm32c0xx_hal_rcc.o
 .text.HAL_RCC_CSSCallback
                0x00000000        0x2 build/stm32c0xx_hal_rcc.o
 .text.HAL_RCC_LSECSSCallback
                0x00000000        0x2 build/stm32c0xx_hal_rcc.o
 .text.HAL_RCC_NMI_IRQHandler
                0x00000000       0x28 build/stm32c0xx_hal_rcc.o
 .text          0x00000000        0x0 build/stm32c0xx_hal_rcc_ex.o
 .data          0x00000000        0x0 build/stm32c0xx_hal_rcc_ex.o
 .bss           0x00000000        0x0 build/stm32c0xx_hal_rcc_ex.o
 .text.HAL_RCCEx_PeriphCLKConfig
                0x00000000      0x144 build/stm32c0xx_hal_rcc_ex.o
 .text.HAL_RCCEx_GetPeriphCLKConfig
                0x00000000       0x50 build/stm32c0xx_hal_rcc_ex.o
 .text.HAL_RCCEx_GetPeriphCLKFreq
                0x00000000      0x218 build/stm32c0xx_hal_rcc_ex.o
 .rodata.HAL_RCCEx_GetPeriphCLKFreq
                0x00000000       0x84 build/stm32c0xx_hal_rcc_ex.o
 .text.HAL_RCCEx_EnableLSCO
                0x00000000       0x4c build/stm32c0xx_hal_rcc_ex.o
 .text.HAL_RCCEx_DisableLSCO
                0x00000000       0x14 build/stm32c0xx_hal_rcc_ex.o
 .debug_info    0x00000000      0x702 build/stm32c0xx_hal_rcc_ex.o
 .debug_abbrev  0x00000000      0x275 build/stm32c0xx_hal_rcc_ex.o
 .debug_loc     0x00000000      0x546 build/stm32c0xx_hal_rcc_ex.o
 .debug_aranges
                0x00000000       0x40 build/stm32c0xx_hal_rcc_ex.o
 .debug_ranges  0x00000000       0x50 build/stm32c0xx_hal_rcc_ex.o
 .debug_line    0x00000000      0x638 build/stm32c0xx_hal_rcc_ex.o
 .debug_str     0x00000000      0x4e6 build/stm32c0xx_hal_rcc_ex.o
 .comment       0x00000000       0x4e build/stm32c0xx_hal_rcc_ex.o
 .debug_frame   0x00000000       0x8c build/stm32c0xx_hal_rcc_ex.o
 .ARM.attributes
                0x00000000       0x2c build/stm32c0xx_hal_rcc_ex.o
 .text          0x00000000        0x0 build/stm32c0xx_hal_flash.o
 .data          0x00000000        0x0 build/stm32c0xx_hal_flash.o
 .bss           0x00000000        0x0 build/stm32c0xx_hal_flash.o
 .text.FLASH_Program_DoubleWord
                0x00000000       0x1c build/stm32c0xx_hal_flash.o
 .RamFunc       0x00000000       0x38 build/stm32c0xx_hal_flash.o
 .text.HAL_FLASH_EndOfOperationCallback
                0x00000000        0x2 build/stm32c0xx_hal_flash.o
 .text.HAL_FLASH_OperationErrorCallback
                0x00000000        0x2 build/stm32c0xx_hal_flash.o
 .text.HAL_FLASH_IRQHandler
                0x00000000       0xc0 build/stm32c0xx_hal_flash.o
 .text.HAL_FLASH_Unlock
                0x00000000       0x30 build/stm32c0xx_hal_flash.o
 .text.HAL_FLASH_Lock
                0x00000000       0x20 build/stm32c0xx_hal_flash.o
 .text.HAL_FLASH_OB_Unlock
                0x00000000       0x30 build/stm32c0xx_hal_flash.o
 .text.HAL_FLASH_OB_Lock
                0x00000000       0x20 build/stm32c0xx_hal_flash.o
 .text.HAL_FLASH_OB_Launch
                0x00000000       0x14 build/stm32c0xx_hal_flash.o
 .text.HAL_FLASH_GetError
                0x00000000        0xc build/stm32c0xx_hal_flash.o
 .text.FLASH_WaitForLastOperation
                0x00000000       0x5c build/stm32c0xx_hal_flash.o
 .text.HAL_FLASH_Program
                0x00000000       0x64 build/stm32c0xx_hal_flash.o
 .text.HAL_FLASH_Program_IT
                0x00000000       0x70 build/stm32c0xx_hal_flash.o
 .bss.pFlash    0x00000000       0x18 build/stm32c0xx_hal_flash.o
 .debug_info    0x00000000      0x86f build/stm32c0xx_hal_flash.o
 .debug_abbrev  0x00000000      0x34d build/stm32c0xx_hal_flash.o
 .debug_loc     0x00000000      0x5fb build/stm32c0xx_hal_flash.o
 .debug_aranges
                0x00000000       0x88 build/stm32c0xx_hal_flash.o
 .debug_ranges  0x00000000       0x90 build/stm32c0xx_hal_flash.o
 .debug_line    0x00000000      0x6ab build/stm32c0xx_hal_flash.o
 .debug_str     0x00000000      0x4c5 build/stm32c0xx_hal_flash.o
 .comment       0x00000000       0x4e build/stm32c0xx_hal_flash.o
 .debug_frame   0x00000000      0x138 build/stm32c0xx_hal_flash.o
 .ARM.attributes
                0x00000000       0x2c build/stm32c0xx_hal_flash.o
 .text          0x00000000        0x0 build/stm32c0xx_hal_flash_ex.o
 .data          0x00000000        0x0 build/stm32c0xx_hal_flash_ex.o
 .bss           0x00000000        0x0 build/stm32c0xx_hal_flash_ex.o
 .text.FLASH_MassErase
                0x00000000       0x14 build/stm32c0xx_hal_flash_ex.o
 .text.FLASH_OB_WRPConfig
                0x00000000       0x1c build/stm32c0xx_hal_flash_ex.o
 .text.FLASH_OB_OptrConfig
                0x00000000       0x18 build/stm32c0xx_hal_flash_ex.o
 .text.FLASH_OB_PCROP1AConfig
                0x00000000       0x38 build/stm32c0xx_hal_flash_ex.o
 .text.FLASH_OB_PCROP1BConfig
                0x00000000       0x1c build/stm32c0xx_hal_flash_ex.o
 .text.FLASH_OB_SecMemConfig
                0x00000000       0x1c build/stm32c0xx_hal_flash_ex.o
 .text.FLASH_OB_GetWRP
                0x00000000       0x34 build/stm32c0xx_hal_flash_ex.o
 .text.FLASH_OB_GetRDP
                0x00000000       0x18 build/stm32c0xx_hal_flash_ex.o
 .text.FLASH_OB_GetUser
                0x00000000       0x14 build/stm32c0xx_hal_flash_ex.o
 .text.FLASH_OB_GetPCROP1A
                0x00000000       0x48 build/stm32c0xx_hal_flash_ex.o
 .text.FLASH_OB_GetPCROP1B
                0x00000000       0x38 build/stm32c0xx_hal_flash_ex.o
 .text.FLASH_OB_GetSecMem
                0x00000000       0x1c build/stm32c0xx_hal_flash_ex.o
 .text.HAL_FLASHEx_OBProgram
                0x00000000       0xe4 build/stm32c0xx_hal_flash_ex.o
 .text.HAL_FLASHEx_OBGetConfig
                0x00000000       0x5c build/stm32c0xx_hal_flash_ex.o
 .text.HAL_FLASHEx_EnableDebugger
                0x00000000       0x14 build/stm32c0xx_hal_flash_ex.o
 .text.HAL_FLASHEx_DisableDebugger
                0x00000000       0x14 build/stm32c0xx_hal_flash_ex.o
 .text.HAL_FLASHEx_FlashEmptyCheck
                0x00000000       0x10 build/stm32c0xx_hal_flash_ex.o
 .text.HAL_FLASHEx_ForceFlashEmpty
                0x00000000       0x18 build/stm32c0xx_hal_flash_ex.o
 .text.HAL_FLASHEx_EnableSecMemProtection
                0x00000000       0x14 build/stm32c0xx_hal_flash_ex.o
 .text.FLASH_PageErase
                0x00000000       0x20 build/stm32c0xx_hal_flash_ex.o
 .text.HAL_FLASHEx_Erase
                0x00000000       0x84 build/stm32c0xx_hal_flash_ex.o
 .text.HAL_FLASHEx_Erase_IT
                0x00000000       0x6c build/stm32c0xx_hal_flash_ex.o
 .text.FLASH_FlushCaches
                0x00000000       0x3c build/stm32c0xx_hal_flash_ex.o
 .debug_info    0x00000000      0xb99 build/stm32c0xx_hal_flash_ex.o
 .debug_abbrev  0x00000000      0x2bd build/stm32c0xx_hal_flash_ex.o
 .debug_loc     0x00000000      0x76d build/stm32c0xx_hal_flash_ex.o
 .debug_aranges
                0x00000000       0xd0 build/stm32c0xx_hal_flash_ex.o
 .debug_ranges  0x00000000       0xc0 build/stm32c0xx_hal_flash_ex.o
 .debug_line    0x00000000      0x85f build/stm32c0xx_hal_flash_ex.o
 .debug_str     0x00000000      0x655 build/stm32c0xx_hal_flash_ex.o
 .comment       0x00000000       0x4e build/stm32c0xx_hal_flash_ex.o
 .debug_frame   0x00000000      0x1f0 build/stm32c0xx_hal_flash_ex.o
 .ARM.attributes
                0x00000000       0x2c build/stm32c0xx_hal_flash_ex.o
 .text          0x00000000        0x0 build/stm32c0xx_hal_gpio.o
 .data          0x00000000        0x0 build/stm32c0xx_hal_gpio.o
 .bss           0x00000000        0x0 build/stm32c0xx_hal_gpio.o
 .text.HAL_GPIO_DeInit
                0x00000000      0x114 build/stm32c0xx_hal_gpio.o
 .text.HAL_GPIO_ReadPin
                0x00000000        0xe build/stm32c0xx_hal_gpio.o
 .text.HAL_GPIO_WriteMultipleStatePin
                0x00000000        0x8 build/stm32c0xx_hal_gpio.o
 .text.HAL_GPIO_LockPin
                0x00000000       0x2c build/stm32c0xx_hal_gpio.o
 .text.HAL_GPIO_EXTI_Rising_Callback
                0x00000000        0x2 build/stm32c0xx_hal_gpio.o
 .text.HAL_GPIO_EXTI_Falling_Callback
                0x00000000        0x2 build/stm32c0xx_hal_gpio.o
 .text.HAL_GPIO_EXTI_IRQHandler
                0x00000000       0x30 build/stm32c0xx_hal_gpio.o
 .text          0x00000000        0x0 build/stm32c0xx_hal_dma.o
 .data          0x00000000        0x0 build/stm32c0xx_hal_dma.o
 .bss           0x00000000        0x0 build/stm32c0xx_hal_dma.o
 .text.DMA_SetConfig
                0x00000000       0x48 build/stm32c0xx_hal_dma.o
 .text.DMA_CalcDMAMUXChannelBaseAndMask
                0x00000000       0x38 build/stm32c0xx_hal_dma.o
 .text.DMA_CalcDMAMUXRequestGenBaseAndMask
                0x00000000       0x28 build/stm32c0xx_hal_dma.o
 .text.HAL_DMA_Init
                0x00000000       0xb0 build/stm32c0xx_hal_dma.o
 .text.HAL_DMA_DeInit
                0x00000000       0x8c build/stm32c0xx_hal_dma.o
 .text.HAL_DMA_Start
                0x00000000       0x54 build/stm32c0xx_hal_dma.o
 .text.HAL_DMA_Start_IT
                0x00000000       0x9e build/stm32c0xx_hal_dma.o
 .text.HAL_DMA_Abort
                0x00000000       0x80 build/stm32c0xx_hal_dma.o
 .text.HAL_DMA_Abort_IT
                0x00000000       0x88 build/stm32c0xx_hal_dma.o
 .text.HAL_DMA_PollForTransfer
                0x00000000      0x134 build/stm32c0xx_hal_dma.o
 .text.HAL_DMA_IRQHandler
                0x00000000       0xcc build/stm32c0xx_hal_dma.o
 .text.HAL_DMA_RegisterCallback
                0x00000000       0x54 build/stm32c0xx_hal_dma.o
 .text.HAL_DMA_UnRegisterCallback
                0x00000000       0x68 build/stm32c0xx_hal_dma.o
 .rodata.HAL_DMA_UnRegisterCallback
                0x00000000       0x14 build/stm32c0xx_hal_dma.o
 .text.HAL_DMA_GetState
                0x00000000        0x8 build/stm32c0xx_hal_dma.o
 .text.HAL_DMA_GetError
                0x00000000        0x4 build/stm32c0xx_hal_dma.o
 .debug_info    0x00000000      0xabd build/stm32c0xx_hal_dma.o
 .debug_abbrev  0x00000000      0x263 build/stm32c0xx_hal_dma.o
 .debug_loc     0x00000000      0xa9d build/stm32c0xx_hal_dma.o
 .debug_aranges
                0x00000000       0x90 build/stm32c0xx_hal_dma.o
 .debug_ranges  0x00000000       0x80 build/stm32c0xx_hal_dma.o
 .debug_line    0x00000000      0xadc build/stm32c0xx_hal_dma.o
 .debug_str     0x00000000      0x737 build/stm32c0xx_hal_dma.o
 .comment       0x00000000       0x4e build/stm32c0xx_hal_dma.o
 .debug_frame   0x00000000      0x188 build/stm32c0xx_hal_dma.o
 .ARM.attributes
                0x00000000       0x2c build/stm32c0xx_hal_dma.o
 .text          0x00000000        0x0 build/stm32c0xx_hal_dma_ex.o
 .data          0x00000000        0x0 build/stm32c0xx_hal_dma_ex.o
 .bss           0x00000000        0x0 build/stm32c0xx_hal_dma_ex.o
 .text.HAL_DMAEx_ConfigMuxSync
                0x00000000       0x50 build/stm32c0xx_hal_dma_ex.o
 .text.HAL_DMAEx_ConfigMuxRequestGenerator
                0x00000000       0x42 build/stm32c0xx_hal_dma_ex.o
 .text.HAL_DMAEx_EnableMuxRequestGenerator
                0x00000000       0x24 build/stm32c0xx_hal_dma_ex.o
 .text.HAL_DMAEx_DisableMuxRequestGenerator
                0x00000000       0x28 build/stm32c0xx_hal_dma_ex.o
 .text.HAL_DMAEx_MUX_IRQHandler
                0x00000000       0x68 build/stm32c0xx_hal_dma_ex.o
 .debug_info    0x00000000      0x630 build/stm32c0xx_hal_dma_ex.o
 .debug_abbrev  0x00000000      0x19d build/stm32c0xx_hal_dma_ex.o
 .debug_loc     0x00000000      0x220 build/stm32c0xx_hal_dma_ex.o
 .debug_aranges
                0x00000000       0x40 build/stm32c0xx_hal_dma_ex.o
 .debug_ranges  0x00000000       0x30 build/stm32c0xx_hal_dma_ex.o
 .debug_line    0x00000000      0x3cd build/stm32c0xx_hal_dma_ex.o
 .debug_str     0x00000000      0x5ee build/stm32c0xx_hal_dma_ex.o
 .comment       0x00000000       0x4e build/stm32c0xx_hal_dma_ex.o
 .debug_frame   0x00000000       0x80 build/stm32c0xx_hal_dma_ex.o
 .ARM.attributes
                0x00000000       0x2c build/stm32c0xx_hal_dma_ex.o
 .text          0x00000000        0x0 build/stm32c0xx_hal_pwr.o
 .data          0x00000000        0x0 build/stm32c0xx_hal_pwr.o
 .bss           0x00000000        0x0 build/stm32c0xx_hal_pwr.o
 .text.HAL_PWR_DeInit
                0x00000000       0x20 build/stm32c0xx_hal_pwr.o
 .text.HAL_PWR_EnableWakeUpPin
                0x00000000       0x1c build/stm32c0xx_hal_pwr.o
 .text.HAL_PWR_DisableWakeUpPin
                0x00000000       0x14 build/stm32c0xx_hal_pwr.o
 .text.HAL_PWR_EnterSLEEPMode
                0x00000000       0x20 build/stm32c0xx_hal_pwr.o
 .text.HAL_PWR_EnterSTOPMode
                0x00000000       0x38 build/stm32c0xx_hal_pwr.o
 .text.HAL_PWR_EnterSTANDBYMode
                0x00000000       0x24 build/stm32c0xx_hal_pwr.o
 .text.HAL_PWR_EnableSleepOnExit
                0x00000000       0x10 build/stm32c0xx_hal_pwr.o
 .text.HAL_PWR_DisableSleepOnExit
                0x00000000       0x10 build/stm32c0xx_hal_pwr.o
 .text.HAL_PWR_EnableSEVOnPend
                0x00000000       0x10 build/stm32c0xx_hal_pwr.o
 .text.HAL_PWR_DisableSEVOnPend
                0x00000000       0x10 build/stm32c0xx_hal_pwr.o
 .debug_info    0x00000000      0x621 build/stm32c0xx_hal_pwr.o
 .debug_abbrev  0x00000000      0x140 build/stm32c0xx_hal_pwr.o
 .debug_loc     0x00000000       0xa1 build/stm32c0xx_hal_pwr.o
 .debug_aranges
                0x00000000       0x68 build/stm32c0xx_hal_pwr.o
 .debug_ranges  0x00000000       0x58 build/stm32c0xx_hal_pwr.o
 .debug_line    0x00000000      0x291 build/stm32c0xx_hal_pwr.o
 .debug_str     0x00000000      0x413 build/stm32c0xx_hal_pwr.o
 .comment       0x00000000       0x4e build/stm32c0xx_hal_pwr.o
 .debug_frame   0x00000000       0xb0 build/stm32c0xx_hal_pwr.o
 .ARM.attributes
                0x00000000       0x2c build/stm32c0xx_hal_pwr.o
 .text          0x00000000        0x0 build/stm32c0xx_hal_pwr_ex.o
 .data          0x00000000        0x0 build/stm32c0xx_hal_pwr_ex.o
 .bss           0x00000000        0x0 build/stm32c0xx_hal_pwr_ex.o
 .text.HAL_PWREx_EnableInternalWakeUpLine
                0x00000000       0x14 build/stm32c0xx_hal_pwr_ex.o
 .text.HAL_PWREx_DisableInternalWakeUpLine
                0x00000000       0x14 build/stm32c0xx_hal_pwr_ex.o
 .text.HAL_PWREx_EnableGPIOPullUp
                0x00000000       0x74 build/stm32c0xx_hal_pwr_ex.o
 .rodata.HAL_PWREx_EnableGPIOPullUp
                0x00000000       0x18 build/stm32c0xx_hal_pwr_ex.o
 .text.HAL_PWREx_DisableGPIOPullUp
                0x00000000       0x54 build/stm32c0xx_hal_pwr_ex.o
 .rodata.HAL_PWREx_DisableGPIOPullUp
                0x00000000       0x18 build/stm32c0xx_hal_pwr_ex.o
 .text.HAL_PWREx_EnableGPIOPullDown
                0x00000000       0x74 build/stm32c0xx_hal_pwr_ex.o
 .rodata.HAL_PWREx_EnableGPIOPullDown
                0x00000000       0x18 build/stm32c0xx_hal_pwr_ex.o
 .text.HAL_PWREx_DisableGPIOPullDown
                0x00000000       0x54 build/stm32c0xx_hal_pwr_ex.o
 .rodata.HAL_PWREx_DisableGPIOPullDown
                0x00000000       0x18 build/stm32c0xx_hal_pwr_ex.o
 .text.HAL_PWREx_EnablePullUpPullDownConfig
                0x00000000       0x14 build/stm32c0xx_hal_pwr_ex.o
 .text.HAL_PWREx_DisablePullUpPullDownConfig
                0x00000000       0x14 build/stm32c0xx_hal_pwr_ex.o
 .text.HAL_PWREx_EnableFlashPowerDown
                0x00000000       0x10 build/stm32c0xx_hal_pwr_ex.o
 .text.HAL_PWREx_DisableFlashPowerDown
                0x00000000       0x10 build/stm32c0xx_hal_pwr_ex.o
 .text.HAL_PWREx_EnterSHUTDOWNMode
                0x00000000       0x24 build/stm32c0xx_hal_pwr_ex.o
 .text.HAL_PWREx_BKUPWrite
                0x00000000       0x10 build/stm32c0xx_hal_pwr_ex.o
 .text.HAL_PWREx_BKUPRead
                0x00000000       0x10 build/stm32c0xx_hal_pwr_ex.o
 .debug_info    0x00000000      0x61c build/stm32c0xx_hal_pwr_ex.o
 .debug_abbrev  0x00000000      0x1c9 build/stm32c0xx_hal_pwr_ex.o
 .debug_loc     0x00000000      0x205 build/stm32c0xx_hal_pwr_ex.o
 .debug_aranges
                0x00000000       0x80 build/stm32c0xx_hal_pwr_ex.o
 .debug_ranges  0x00000000       0x70 build/stm32c0xx_hal_pwr_ex.o
 .debug_line    0x00000000      0x46f build/stm32c0xx_hal_pwr_ex.o
 .debug_str     0x00000000      0x43d build/stm32c0xx_hal_pwr_ex.o
 .comment       0x00000000       0x4e build/stm32c0xx_hal_pwr_ex.o
 .debug_frame   0x00000000       0xe0 build/stm32c0xx_hal_pwr_ex.o
 .ARM.attributes
                0x00000000       0x2c build/stm32c0xx_hal_pwr_ex.o
 .text          0x00000000        0x0 build/stm32c0xx_hal_exti.o
 .data          0x00000000        0x0 build/stm32c0xx_hal_exti.o
 .bss           0x00000000        0x0 build/stm32c0xx_hal_exti.o
 .text.HAL_EXTI_SetConfigLine
                0x00000000       0xc8 build/stm32c0xx_hal_exti.o
 .text.HAL_EXTI_GetConfigLine
                0x00000000       0xc0 build/stm32c0xx_hal_exti.o
 .text.HAL_EXTI_ClearConfigLine
                0x00000000       0xa8 build/stm32c0xx_hal_exti.o
 .text.HAL_EXTI_RegisterCallback
                0x00000000       0x24 build/stm32c0xx_hal_exti.o
 .text.HAL_EXTI_GetHandle
                0x00000000        0xe build/stm32c0xx_hal_exti.o
 .text.HAL_EXTI_IRQHandler
                0x00000000       0x48 build/stm32c0xx_hal_exti.o
 .text.HAL_EXTI_GetPending
                0x00000000       0x38 build/stm32c0xx_hal_exti.o
 .text.HAL_EXTI_ClearPending
                0x00000000       0x34 build/stm32c0xx_hal_exti.o
 .text.HAL_EXTI_GenerateSWI
                0x00000000       0x20 build/stm32c0xx_hal_exti.o
 .debug_info    0x00000000      0x7b9 build/stm32c0xx_hal_exti.o
 .debug_abbrev  0x00000000      0x1e3 build/stm32c0xx_hal_exti.o
 .debug_loc     0x00000000      0xcb2 build/stm32c0xx_hal_exti.o
 .debug_aranges
                0x00000000       0x60 build/stm32c0xx_hal_exti.o
 .debug_ranges  0x00000000       0x50 build/stm32c0xx_hal_exti.o
 .debug_line    0x00000000      0x7bc build/stm32c0xx_hal_exti.o
 .debug_str     0x00000000      0x3fe build/stm32c0xx_hal_exti.o
 .comment       0x00000000       0x4e build/stm32c0xx_hal_exti.o
 .debug_frame   0x00000000       0xec build/stm32c0xx_hal_exti.o
 .ARM.attributes
                0x00000000       0x2c build/stm32c0xx_hal_exti.o
 .text          0x00000000        0x0 build/stm32c0xx_hal_tim.o
 .data          0x00000000        0x0 build/stm32c0xx_hal_tim.o
 .bss           0x00000000        0x0 build/stm32c0xx_hal_tim.o
 .debug_info    0x00000000       0x6b build/stm32c0xx_hal_tim.o
 .debug_abbrev  0x00000000       0x26 build/stm32c0xx_hal_tim.o
 .debug_aranges
                0x00000000       0x18 build/stm32c0xx_hal_tim.o
 .debug_line    0x00000000       0x1d build/stm32c0xx_hal_tim.o
 .debug_str     0x00000000      0x168 build/stm32c0xx_hal_tim.o
 .comment       0x00000000       0x4e build/stm32c0xx_hal_tim.o
 .ARM.attributes
                0x00000000       0x32 build/stm32c0xx_hal_tim.o
 .text          0x00000000        0x0 build/stm32c0xx_hal_tim_ex.o
 .data          0x00000000        0x0 build/stm32c0xx_hal_tim_ex.o
 .bss           0x00000000        0x0 build/stm32c0xx_hal_tim_ex.o
 .debug_info    0x00000000       0x6b build/stm32c0xx_hal_tim_ex.o
 .debug_abbrev  0x00000000       0x26 build/stm32c0xx_hal_tim_ex.o
 .debug_aranges
                0x00000000       0x18 build/stm32c0xx_hal_tim_ex.o
 .debug_line    0x00000000       0x1d build/stm32c0xx_hal_tim_ex.o
 .debug_str     0x00000000      0x16b build/stm32c0xx_hal_tim_ex.o
 .comment       0x00000000       0x4e build/stm32c0xx_hal_tim_ex.o
 .ARM.attributes
                0x00000000       0x32 build/stm32c0xx_hal_tim_ex.o
 .text          0x00000000        0x0 build/system_stm32c0xx.o
 .data          0x00000000        0x0 build/system_stm32c0xx.o
 .bss           0x00000000        0x0 build/system_stm32c0xx.o
 .text.SystemCoreClockUpdate
                0x00000000       0x8c build/system_stm32c0xx.o
 .rodata.APBPrescTable
                0x00000000       0x20 build/system_stm32c0xx.o
 .text          0x00000000       0x14 build/startup_stm32c092xx.o
 .data          0x00000000        0x0 build/startup_stm32c092xx.o
 .bss           0x00000000        0x0 build/startup_stm32c092xx.o
 .text          0x00000000        0x0 c:/gcc-arm-none-eabi-10-2020-q4-major/bin/../lib/gcc/arm-none-eabi/10.2.1/../../../../arm-none-eabi/lib/thumb/v6-m/nofp\libc_nano.a(lib_a-exit.o)
 .data          0x00000000        0x0 c:/gcc-arm-none-eabi-10-2020-q4-major/bin/../lib/gcc/arm-none-eabi/10.2.1/../../../../arm-none-eabi/lib/thumb/v6-m/nofp\libc_nano.a(lib_a-exit.o)
 .bss           0x00000000        0x0 c:/gcc-arm-none-eabi-10-2020-q4-major/bin/../lib/gcc/arm-none-eabi/10.2.1/../../../../arm-none-eabi/lib/thumb/v6-m/nofp\libc_nano.a(lib_a-exit.o)
 .text.exit     0x00000000       0x2c c:/gcc-arm-none-eabi-10-2020-q4-major/bin/../lib/gcc/arm-none-eabi/10.2.1/../../../../arm-none-eabi/lib/thumb/v6-m/nofp\libc_nano.a(lib_a-exit.o)
 .debug_frame   0x00000000       0x28 c:/gcc-arm-none-eabi-10-2020-q4-major/bin/../lib/gcc/arm-none-eabi/10.2.1/../../../../arm-none-eabi/lib/thumb/v6-m/nofp\libc_nano.a(lib_a-exit.o)
 .ARM.attributes
                0x00000000       0x2c c:/gcc-arm-none-eabi-10-2020-q4-major/bin/../lib/gcc/arm-none-eabi/10.2.1/../../../../arm-none-eabi/lib/thumb/v6-m/nofp\libc_nano.a(lib_a-exit.o)
 .text          0x00000000        0x0 c:/gcc-arm-none-eabi-10-2020-q4-major/bin/../lib/gcc/arm-none-eabi/10.2.1/../../../../arm-none-eabi/lib/thumb/v6-m/nofp\libc_nano.a(lib_a-impure.o)
 .data          0x00000000        0x0 c:/gcc-arm-none-eabi-10-2020-q4-major/bin/../lib/gcc/arm-none-eabi/10.2.1/../../../../arm-none-eabi/lib/thumb/v6-m/nofp\libc_nano.a(lib_a-impure.o)
 .bss           0x00000000        0x0 c:/gcc-arm-none-eabi-10-2020-q4-major/bin/../lib/gcc/arm-none-eabi/10.2.1/../../../../arm-none-eabi/lib/thumb/v6-m/nofp\libc_nano.a(lib_a-impure.o)
 .data._impure_ptr
                0x00000000        0x4 c:/gcc-arm-none-eabi-10-2020-q4-major/bin/../lib/gcc/arm-none-eabi/10.2.1/../../../../arm-none-eabi/lib/thumb/v6-m/nofp\libc_nano.a(lib_a-impure.o)
 .data.impure_data
                0x00000000       0x60 c:/gcc-arm-none-eabi-10-2020-q4-major/bin/../lib/gcc/arm-none-eabi/10.2.1/../../../../arm-none-eabi/lib/thumb/v6-m/nofp\libc_nano.a(lib_a-impure.o)
 .rodata._global_impure_ptr
                0x00000000        0x4 c:/gcc-arm-none-eabi-10-2020-q4-major/bin/../lib/gcc/arm-none-eabi/10.2.1/../../../../arm-none-eabi/lib/thumb/v6-m/nofp\libc_nano.a(lib_a-impure.o)
 .ARM.attributes
                0x00000000       0x2c c:/gcc-arm-none-eabi-10-2020-q4-major/bin/../lib/gcc/arm-none-eabi/10.2.1/../../../../arm-none-eabi/lib/thumb/v6-m/nofp\libc_nano.a(lib_a-impure.o)
 .text          0x00000000        0x0 c:/gcc-arm-none-eabi-10-2020-q4-major/bin/../lib/gcc/arm-none-eabi/10.2.1/../../../../arm-none-eabi/lib/thumb/v6-m/nofp\libc_nano.a(lib_a-init.o)
 .data          0x00000000        0x0 c:/gcc-arm-none-eabi-10-2020-q4-major/bin/../lib/gcc/arm-none-eabi/10.2.1/../../../../arm-none-eabi/lib/thumb/v6-m/nofp\libc_nano.a(lib_a-init.o)
 .bss           0x00000000        0x0 c:/gcc-arm-none-eabi-10-2020-q4-major/bin/../lib/gcc/arm-none-eabi/10.2.1/../../../../arm-none-eabi/lib/thumb/v6-m/nofp\libc_nano.a(lib_a-init.o)
 .text          0x00000000        0x0 c:/gcc-arm-none-eabi-10-2020-q4-major/bin/../lib/gcc/arm-none-eabi/10.2.1/../../../../arm-none-eabi/lib/thumb/v6-m/nofp\libc_nano.a(lib_a-memset.o)
 .data          0x00000000        0x0 c:/gcc-arm-none-eabi-10-2020-q4-major/bin/../lib/gcc/arm-none-eabi/10.2.1/../../../../arm-none-eabi/lib/thumb/v6-m/nofp\libc_nano.a(lib_a-memset.o)
 .bss           0x00000000        0x0 c:/gcc-arm-none-eabi-10-2020-q4-major/bin/../lib/gcc/arm-none-eabi/10.2.1/../../../../arm-none-eabi/lib/thumb/v6-m/nofp\libc_nano.a(lib_a-memset.o)
 .text          0x00000000        0x0 c:/gcc-arm-none-eabi-10-2020-q4-major/bin/../lib/gcc/arm-none-eabi/10.2.1/../../../../arm-none-eabi/lib/thumb/v6-m/nofp\libnosys.a(_exit.o)
 .data          0x00000000        0x0 c:/gcc-arm-none-eabi-10-2020-q4-major/bin/../lib/gcc/arm-none-eabi/10.2.1/../../../../arm-none-eabi/lib/thumb/v6-m/nofp\libnosys.a(_exit.o)
 .bss           0x00000000        0x0 c:/gcc-arm-none-eabi-10-2020-q4-major/bin/../lib/gcc/arm-none-eabi/10.2.1/../../../../arm-none-eabi/lib/thumb/v6-m/nofp\libnosys.a(_exit.o)
 .text._exit    0x00000000        0x4 c:/gcc-arm-none-eabi-10-2020-q4-major/bin/../lib/gcc/arm-none-eabi/10.2.1/../../../../arm-none-eabi/lib/thumb/v6-m/nofp\libnosys.a(_exit.o)
 .debug_frame   0x00000000       0x20 c:/gcc-arm-none-eabi-10-2020-q4-major/bin/../lib/gcc/arm-none-eabi/10.2.1/../../../../arm-none-eabi/lib/thumb/v6-m/nofp\libnosys.a(_exit.o)
 .ARM.attributes
                0x00000000       0x2c c:/gcc-arm-none-eabi-10-2020-q4-major/bin/../lib/gcc/arm-none-eabi/10.2.1/../../../../arm-none-eabi/lib/thumb/v6-m/nofp\libnosys.a(_exit.o)
 .data          0x00000000        0x0 c:/gcc-arm-none-eabi-10-2020-q4-major/bin/../lib/gcc/arm-none-eabi/10.2.1/thumb/v6-m/nofp\libgcc.a(_udivsi3.o)
 .bss           0x00000000        0x0 c:/gcc-arm-none-eabi-10-2020-q4-major/bin/../lib/gcc/arm-none-eabi/10.2.1/thumb/v6-m/nofp\libgcc.a(_udivsi3.o)
 .data          0x00000000        0x0 c:/gcc-arm-none-eabi-10-2020-q4-major/bin/../lib/gcc/arm-none-eabi/10.2.1/thumb/v6-m/nofp\libgcc.a(_dvmd_tls.o)
 .bss           0x00000000        0x0 c:/gcc-arm-none-eabi-10-2020-q4-major/bin/../lib/gcc/arm-none-eabi/10.2.1/thumb/v6-m/nofp\libgcc.a(_dvmd_tls.o)
 .text          0x00000000        0x0 c:/gcc-arm-none-eabi-10-2020-q4-major/bin/../lib/gcc/arm-none-eabi/10.2.1/thumb/v6-m/nofp/crtend.o
 .data          0x00000000        0x0 c:/gcc-arm-none-eabi-10-2020-q4-major/bin/../lib/gcc/arm-none-eabi/10.2.1/thumb/v6-m/nofp/crtend.o
 .bss           0x00000000        0x0 c:/gcc-arm-none-eabi-10-2020-q4-major/bin/../lib/gcc/arm-none-eabi/10.2.1/thumb/v6-m/nofp/crtend.o
 .rodata        0x00000000       0x24 c:/gcc-arm-none-eabi-10-2020-q4-major/bin/../lib/gcc/arm-none-eabi/10.2.1/thumb/v6-m/nofp/crtend.o
 .eh_frame      0x00000000        0x4 c:/gcc-arm-none-eabi-10-2020-q4-major/bin/../lib/gcc/arm-none-eabi/10.2.1/thumb/v6-m/nofp/crtend.o
 .ARM.attributes
                0x00000000       0x2c c:/gcc-arm-none-eabi-10-2020-q4-major/bin/../lib/gcc/arm-none-eabi/10.2.1/thumb/v6-m/nofp/crtend.o
 .text          0x00000000        0x0 c:/gcc-arm-none-eabi-10-2020-q4-major/bin/../lib/gcc/arm-none-eabi/10.2.1/thumb/v6-m/nofp/crtn.o
 .data          0x00000000        0x0 c:/gcc-arm-none-eabi-10-2020-q4-major/bin/../lib/gcc/arm-none-eabi/10.2.1/thumb/v6-m/nofp/crtn.o
 .bss           0x00000000        0x0 c:/gcc-arm-none-eabi-10-2020-q4-major/bin/../lib/gcc/arm-none-eabi/10.2.1/thumb/v6-m/nofp/crtn.o

Memory Configuration

Name             Origin             Length             Attributes
RAM              0x20000000         0x00007800         xrw
FLASH            0x08000000         0x00040000         xr
*default*        0x00000000         0xffffffff

Linker script and memory map

LOAD c:/gcc-arm-none-eabi-10-2020-q4-major/bin/../lib/gcc/arm-none-eabi/10.2.1/thumb/v6-m/nofp/crti.o
LOAD c:/gcc-arm-none-eabi-10-2020-q4-major/bin/../lib/gcc/arm-none-eabi/10.2.1/thumb/v6-m/nofp/crtbegin.o
LOAD c:/gcc-arm-none-eabi-10-2020-q4-major/bin/../lib/gcc/arm-none-eabi/10.2.1/../../../../arm-none-eabi/lib/thumb/v6-m/nofp/crt0.o
LOAD build/main.o
LOAD build/gpio.o
LOAD build/stm32c0xx_it.o
LOAD build/stm32c0xx_hal_msp.o
LOAD build/stm32c0xx_hal.o
LOAD build/stm32c0xx_hal_cortex.o
LOAD build/stm32c0xx_hal_rcc.o
LOAD build/stm32c0xx_hal_rcc_ex.o
LOAD build/stm32c0xx_hal_flash.o
LOAD build/stm32c0xx_hal_flash_ex.o
LOAD build/stm32c0xx_hal_gpio.o
LOAD build/stm32c0xx_hal_dma.o
LOAD build/stm32c0xx_hal_dma_ex.o
LOAD build/stm32c0xx_hal_pwr.o
LOAD build/stm32c0xx_hal_pwr_ex.o
LOAD build/stm32c0xx_hal_exti.o
LOAD build/stm32c0xx_hal_tim.o
LOAD build/stm32c0xx_hal_tim_ex.o
LOAD build/system_stm32c0xx.o
LOAD build/startup_stm32c092xx.o
LOAD c:/gcc-arm-none-eabi-10-2020-q4-major/bin/../lib/gcc/arm-none-eabi/10.2.1/../../../../arm-none-eabi/lib/thumb/v6-m/nofp\libc_nano.a
LOAD c:/gcc-arm-none-eabi-10-2020-q4-major/bin/../lib/gcc/arm-none-eabi/10.2.1/../../../../arm-none-eabi/lib/thumb/v6-m/nofp\libm.a
LOAD c:/gcc-arm-none-eabi-10-2020-q4-major/bin/../lib/gcc/arm-none-eabi/10.2.1/../../../../arm-none-eabi/lib/thumb/v6-m/nofp\libnosys.a
START GROUP
LOAD c:/gcc-arm-none-eabi-10-2020-q4-major/bin/../lib/gcc/arm-none-eabi/10.2.1/thumb/v6-m/nofp\libgcc.a
LOAD c:/gcc-arm-none-eabi-10-2020-q4-major/bin/../lib/gcc/arm-none-eabi/10.2.1/../../../../arm-none-eabi/lib/thumb/v6-m/nofp\libc_nano.a
END GROUP
START GROUP
LOAD c:/gcc-arm-none-eabi-10-2020-q4-major/bin/../lib/gcc/arm-none-eabi/10.2.1/thumb/v6-m/nofp\libgcc.a
LOAD c:/gcc-arm-none-eabi-10-2020-q4-major/bin/../lib/gcc/arm-none-eabi/10.2.1/../../../../arm-none-eabi/lib/thumb/v6-m/nofp\libc_nano.a
END GROUP
LOAD c:/gcc-arm-none-eabi-10-2020-q4-major/bin/../lib/gcc/arm-none-eabi/10.2.1/thumb/v6-m/nofp/crtend.o
LOAD c:/gcc-arm-none-eabi-10-2020-q4-major/bin/../lib/gcc/arm-none-eabi/10.2.1/thumb/v6-m/nofp/crtn.o
                0x20007800                _estack = (ORIGIN (RAM) + LENGTH (RAM))
                0x00000200                _Min_Heap_Size = 0x200
                0x00000400                _Min_Stack_Size = 0x400

.isr_vector     0x08000000       0xc0
                0x08000000                . = ALIGN (0x4)
 *(.isr_vector)
 .isr_vector    0x08000000       0xc0 build/startup_stm32c092xx.o
                0x08000000                g_pfnVectors
                0x080000c0                . = ALIGN (0x4)

.text           0x080000c0      0xb44
                0x080000c0                . = ALIGN (0x4)
 *(.text)
 .text          0x080000c0       0x48 c:/gcc-arm-none-eabi-10-2020-q4-major/bin/../lib/gcc/arm-none-eabi/10.2.1/thumb/v6-m/nofp/crtbegin.o
 .text          0x08000108      0x114 c:/gcc-arm-none-eabi-10-2020-q4-major/bin/../lib/gcc/arm-none-eabi/10.2.1/thumb/v6-m/nofp\libgcc.a(_udivsi3.o)
                0x08000108                __aeabi_uidiv
                0x08000108                __udivsi3
                0x08000214                __aeabi_uidivmod
 .text          0x0800021c        0x4 c:/gcc-arm-none-eabi-10-2020-q4-major/bin/../lib/gcc/arm-none-eabi/10.2.1/thumb/v6-m/nofp\libgcc.a(_dvmd_tls.o)
                0x0800021c                __aeabi_idiv0
                0x0800021c                __aeabi_ldiv0
 *(.text*)
 .text.Error_Handler
                0x08000220        0x4 build/main.o
                0x08000220                Error_Handler
 .text.SystemClock_Config
                0x08000224       0x6c build/main.o
                0x08000224                SystemClock_Config
 .text.main     0x08000290       0x22 build/main.o
                0x08000290                main
 *fill*         0x080002b2        0x2 
 .text.MX_GPIO_Init
                0x080002b4       0x58 build/gpio.o
                0x080002b4                MX_GPIO_Init
 .text.NMI_Handler
                0x0800030c        0x2 build/stm32c0xx_it.o
                0x0800030c                NMI_Handler
 .text.HardFault_Handler
                0x0800030e        0x2 build/stm32c0xx_it.o
                0x0800030e                HardFault_Handler
 .text.SVC_Handler
                0x08000310        0x2 build/stm32c0xx_it.o
                0x08000310                SVC_Handler
 .text.PendSV_Handler
                0x08000312        0x2 build/stm32c0xx_it.o
                0x08000312                PendSV_Handler
 .text.SysTick_Handler
                0x08000314        0x8 build/stm32c0xx_it.o
                0x08000314                SysTick_Handler
 .text.HAL_MspInit
                0x0800031c       0x30 build/stm32c0xx_hal_msp.o
                0x0800031c                HAL_MspInit
 .text.HAL_InitTick
                0x0800034c       0x58 build/stm32c0xx_hal.o
                0x0800034c                HAL_InitTick
 .text.HAL_Init
                0x080003a4       0x18 build/stm32c0xx_hal.o
                0x080003a4                HAL_Init
 .text.HAL_IncTick
                0x080003bc       0x18 build/stm32c0xx_hal.o
                0x080003bc                HAL_IncTick
 .text.HAL_GetTick
                0x080003d4        0xc build/stm32c0xx_hal.o
                0x080003d4                HAL_GetTick
 .text.HAL_Delay
                0x080003e0       0x24 build/stm32c0xx_hal.o
                0x080003e0                HAL_Delay
 .text.HAL_NVIC_SetPriority
                0x08000404       0x60 build/stm32c0xx_hal_cortex.o
                0x08000404                HAL_NVIC_SetPriority
 .text.HAL_SYSTICK_Config
                0x08000464       0x38 build/stm32c0xx_hal_cortex.o
                0x08000464                HAL_SYSTICK_Config
 .text.HAL_RCC_OscConfig
                0x0800049c      0x2bc build/stm32c0xx_hal_rcc.o
                0x0800049c                HAL_RCC_OscConfig
 .text.HAL_RCC_GetSysClockFreq
                0x08000758       0x70 build/stm32c0xx_hal_rcc.o
                0x08000758                HAL_RCC_GetSysClockFreq
 .text.HAL_RCC_ClockConfig
                0x080007c8      0x190 build/stm32c0xx_hal_rcc.o
                0x080007c8                HAL_RCC_ClockConfig
 .text.HAL_GPIO_Init
                0x08000958      0x1bc build/stm32c0xx_hal_gpio.o
                0x08000958                HAL_GPIO_Init
 .text.HAL_GPIO_WritePin
                0x08000b14        0xc build/stm32c0xx_hal_gpio.o
                0x08000b14                HAL_GPIO_WritePin
 .text.HAL_GPIO_TogglePin
                0x08000b20       0x10 build/stm32c0xx_hal_gpio.o
                0x08000b20                HAL_GPIO_TogglePin
 .text.SystemInit
                0x08000b30       0x10 build/system_stm32c0xx.o
                0x08000b30                SystemInit
 .text.Reset_Handler
                0x08000b40       0x50 build/startup_stm32c092xx.o
                0x08000b40                Reset_Handler
 .text.Default_Handler
                0x08000b90        0x2 build/startup_stm32c092xx.o
                0x08000b90                TIM1_CC_IRQHandler
                0x08000b90                I2C1_IRQHandler
                0x08000b90                FDCAN1_IT1_IRQHandler
                0x08000b90                SPI1_IRQHandler
                0x08000b90                USART3_4_IRQHandler
                0x08000b90                EXTI2_3_IRQHandler
                0x08000b90                ADC1_IRQHandler
                0x08000b90                I2C2_IRQHandler
                0x08000b90                TIM17_IRQHandler
                0x08000b90                RTC_IRQHandler
                0x08000b90                TIM16_IRQHandler
                0x08000b90                TIM3_IRQHandler
                0x08000b90                EXTI4_15_IRQHandler
                0x08000b90                RCC_IRQHandler
                0x08000b90                DMA1_Channel1_IRQHandler
                0x08000b90                Default_Handler
                0x08000b90                TIM14_IRQHandler
                0x08000b90                TIM15_IRQHandler
                0x08000b90                EXTI0_1_IRQHandler
                0x08000b90                SPI2_IRQHandler
                0x08000b90                WWDG_IRQHandler
                0x08000b90                FDCAN1_IT0_IRQHandler
                0x08000b90                TIM2_IRQHandler
                0x08000b90                DMA1_Channel2_3_IRQHandler
                0x08000b90                DMAMUX1_DMA1_CH4_5_IRQHandler
                0x08000b90                USART2_IRQHandler
                0x08000b90                FLASH_IRQHandler
                0x08000b90                USART1_IRQHandler
                0x08000b90                TIM1_BRK_UP_TRG_COM_IRQHandler
 *fill*         0x08000b92        0x2 
 .text.__libc_init_array
                0x08000b94       0x48 c:/gcc-arm-none-eabi-10-2020-q4-major/bin/../lib/gcc/arm-none-eabi/10.2.1/../../../../arm-none-eabi/lib/thumb/v6-m/nofp\libc_nano.a(lib_a-init.o)
                0x08000b94                __libc_init_array
 .text.memset   0x08000bdc       0x10 c:/gcc-arm-none-eabi-10-2020-q4-major/bin/../lib/gcc/arm-none-eabi/10.2.1/../../../../arm-none-eabi/lib/thumb/v6-m/nofp\libc_nano.a(lib_a-memset.o)
                0x08000bdc                memset
 *(.glue_7)
 .glue_7        0x08000bec        0x0 linker stubs
 *(.glue_7t)
 .glue_7t       0x08000bec        0x0 linker stubs
 *(.eh_frame)
 .eh_frame      0x08000bec        0x0 c:/gcc-arm-none-eabi-10-2020-q4-major/bin/../lib/gcc/arm-none-eabi/10.2.1/thumb/v6-m/nofp/crtbegin.o
 *(.init)
 .init          0x08000bec        0x4 c:/gcc-arm-none-eabi-10-2020-q4-major/bin/../lib/gcc/arm-none-eabi/10.2.1/thumb/v6-m/nofp/crti.o
                0x08000bec                _init
 .init          0x08000bf0        0x8 c:/gcc-arm-none-eabi-10-2020-q4-major/bin/../lib/gcc/arm-none-eabi/10.2.1/thumb/v6-m/nofp/crtn.o
 *(.fini)
 .fini          0x08000bf8        0x4 c:/gcc-arm-none-eabi-10-2020-q4-major/bin/../lib/gcc/arm-none-eabi/10.2.1/thumb/v6-m/nofp/crti.o
                0x08000bf8                _fini
 .fini          0x08000bfc        0x8 c:/gcc-arm-none-eabi-10-2020-q4-major/bin/../lib/gcc/arm-none-eabi/10.2.1/thumb/v6-m/nofp/crtn.o
                0x08000c04                . = ALIGN (0x4)
                0x08000c04                _etext = .

.vfp11_veneer   0x08000c04        0x0
 .vfp11_veneer  0x08000c04        0x0 linker stubs

.v4_bx          0x08000c04        0x0
 .v4_bx         0x08000c04        0x0 linker stubs

.iplt           0x08000c04        0x0
 .iplt          0x08000c04        0x0 c:/gcc-arm-none-eabi-10-2020-q4-major/bin/../lib/gcc/arm-none-eabi/10.2.1/thumb/v6-m/nofp/crtbegin.o

.rodata         0x08000c04       0x40
                0x08000c04                . = ALIGN (0x4)
 *(.rodata)
 *(.rodata*)
 .rodata.AHBPrescTable
                0x08000c04       0x40 build/system_stm32c0xx.o
                0x08000c04                AHBPrescTable
                0x08000c44                . = ALIGN (0x4)

.rel.dyn        0x08000c44        0x0
 .rel.iplt      0x08000c44        0x0 c:/gcc-arm-none-eabi-10-2020-q4-major/bin/../lib/gcc/arm-none-eabi/10.2.1/thumb/v6-m/nofp/crtbegin.o

.ARM.extab      0x08000c44        0x0
                0x08000c44                . = ALIGN (0x4)
 *(.ARM.extab* .gnu.linkonce.armextab.*)
                0x08000c44                . = ALIGN (0x4)

.ARM            0x08000c44        0x0
                0x08000c44                . = ALIGN (0x4)
                0x08000c44                __exidx_start = .
 *(.ARM.exidx*)
                0x08000c44                __exidx_end = .
                0x08000c44                . = ALIGN (0x4)

.preinit_array  0x08000c44        0x0
                0x08000c44                . = ALIGN (0x4)
                0x08000c44                PROVIDE (__preinit_array_start = .)
 *(.preinit_array*)
                0x08000c44                PROVIDE (__preinit_array_end = .)
                0x08000c44                . = ALIGN (0x4)

.init_array     0x08000c44        0x4
                0x08000c44                . = ALIGN (0x4)
                0x08000c44                PROVIDE (__init_array_start = .)
 *(SORT_BY_NAME(.init_array.*))
 *(.init_array*)
 .init_array    0x08000c44        0x4 c:/gcc-arm-none-eabi-10-2020-q4-major/bin/../lib/gcc/arm-none-eabi/10.2.1/thumb/v6-m/nofp/crtbegin.o
                0x08000c48                PROVIDE (__init_array_end = .)
                0x08000c48                . = ALIGN (0x4)

.fini_array     0x08000c48        0x4
                0x08000c48                . = ALIGN (0x4)
                [!provide]                PROVIDE (__fini_array_start = .)
 *(SORT_BY_NAME(.fini_array.*))
 *(.fini_array*)
 .fini_array    0x08000c48        0x4 c:/gcc-arm-none-eabi-10-2020-q4-major/bin/../lib/gcc/arm-none-eabi/10.2.1/thumb/v6-m/nofp/crtbegin.o
                [!provide]                PROVIDE (__fini_array_end = .)
                0x08000c4c                . = ALIGN (0x4)
                0x08000c4c                _sidata = LOADADDR (.data)

.data           0x20000000        0xc load address 0x08000c4c
                0x20000000                . = ALIGN (0x4)
                0x20000000                _sdata = .
 *(.data)
 *(.data*)
 .data.uwTickFreq
                0x20000000        0x1 build/stm32c0xx_hal.o
                0x20000000                uwTickFreq
 *fill*         0x20000001        0x3 
 .data.uwTickPrio
                0x20000004        0x4 build/stm32c0xx_hal.o
                0x20000004                uwTickPrio
 .data.SystemCoreClock
                0x20000008        0x4 build/system_stm32c0xx.o
                0x20000008                SystemCoreClock
 *(.RamFunc)
 *(.RamFunc*)
                0x2000000c                . = ALIGN (0x4)
                0x2000000c                _edata = .

.igot.plt       0x2000000c        0x0 load address 0x08000c58
 .igot.plt      0x2000000c        0x0 c:/gcc-arm-none-eabi-10-2020-q4-major/bin/../lib/gcc/arm-none-eabi/10.2.1/thumb/v6-m/nofp/crtbegin.o
                0x2000000c                . = ALIGN (0x4)

.bss            0x2000000c       0x20 load address 0x08000c58
                0x2000000c                _sbss = .
                0x2000000c                __bss_start__ = _sbss
 *(.bss)
 .bss           0x2000000c       0x1c c:/gcc-arm-none-eabi-10-2020-q4-major/bin/../lib/gcc/arm-none-eabi/10.2.1/thumb/v6-m/nofp/crtbegin.o
 *(.bss*)
 .bss.uwTick    0x20000028        0x4 build/stm32c0xx_hal.o
                0x20000028                uwTick
 *(COMMON)
                0x2000002c                . = ALIGN (0x4)
                0x2000002c                _ebss = .
                0x2000002c                __bss_end__ = _ebss

._user_heap_stack
                0x2000002c      0x604 load address 0x08000c58
                0x20000030                . = ALIGN (0x8)
 *fill*         0x2000002c        0x4 
                [!provide]                PROVIDE (end = .)
                [!provide]                PROVIDE (_end = .)
                0x20000230                . = (. + _Min_Heap_Size)
 *fill*         0x20000030      0x200 
                0x20000630                . = (. + _Min_Stack_Size)
 *fill*         0x20000230      0x400 
                0x20000630                . = ALIGN (0x8)

/DISCARD/
 libc.a(*)
 libm.a(*)
 libgcc.a(*)
OUTPUT(build/nucleo-c092.elf elf32-littlearm)
LOAD linker stubs
LOAD c:/gcc-arm-none-eabi-10-2020-q4-major/bin/../lib/gcc/arm-none-eabi/10.2.1/../../../../arm-none-eabi/lib/thumb/v6-m/nofp\libc.a
LOAD c:/gcc-arm-none-eabi-10-2020-q4-major/bin/../lib/gcc/arm-none-eabi/10.2.1/../../../../arm-none-eabi/lib/thumb/v6-m/nofp\libm.a
LOAD c:/gcc-arm-none-eabi-10-2020-q4-major/bin/../lib/gcc/arm-none-eabi/10.2.1/thumb/v6-m/nofp\libgcc.a

.ARM.attributes
                0x00000000       0x28
 .ARM.attributes
                0x00000000       0x1e c:/gcc-arm-none-eabi-10-2020-q4-major/bin/../lib/gcc/arm-none-eabi/10.2.1/thumb/v6-m/nofp/crti.o
 .ARM.attributes
                0x0000001e       0x2c c:/gcc-arm-none-eabi-10-2020-q4-major/bin/../lib/gcc/arm-none-eabi/10.2.1/thumb/v6-m/nofp/crtbegin.o
 .ARM.attributes
                0x0000004a       0x2c build/main.o
 .ARM.attributes
                0x00000076       0x2c build/gpio.o
 .ARM.attributes
                0x000000a2       0x2c build/stm32c0xx_it.o
 .ARM.attributes
                0x000000ce       0x2c build/stm32c0xx_hal_msp.o
 .ARM.attributes
                0x000000fa       0x2c build/stm32c0xx_hal.o
 .ARM.attributes
                0x00000126       0x2c build/stm32c0xx_hal_cortex.o
 .ARM.attributes
                0x00000152       0x2c build/stm32c0xx_hal_rcc.o
 .ARM.attributes
                0x0000017e       0x2c build/stm32c0xx_hal_gpio.o
 .ARM.attributes
                0x000001aa       0x2c build/system_stm32c0xx.o
 .ARM.attributes
                0x000001d6       0x22 build/startup_stm32c092xx.o
 .ARM.attributes
                0x000001f8       0x2c c:/gcc-arm-none-eabi-10-2020-q4-major/bin/../lib/gcc/arm-none-eabi/10.2.1/../../../../arm-none-eabi/lib/thumb/v6-m/nofp\libc_nano.a(lib_a-init.o)
 .ARM.attributes
                0x00000224       0x2c c:/gcc-arm-none-eabi-10-2020-q4-major/bin/../lib/gcc/arm-none-eabi/10.2.1/../../../../arm-none-eabi/lib/thumb/v6-m/nofp\libc_nano.a(lib_a-memset.o)
 .ARM.attributes
                0x00000250       0x1e c:/gcc-arm-none-eabi-10-2020-q4-major/bin/../lib/gcc/arm-none-eabi/10.2.1/thumb/v6-m/nofp\libgcc.a(_udivsi3.o)
 .ARM.attributes
                0x0000026e       0x1e c:/gcc-arm-none-eabi-10-2020-q4-major/bin/../lib/gcc/arm-none-eabi/10.2.1/thumb/v6-m/nofp\libgcc.a(_dvmd_tls.o)
 .ARM.attributes
                0x0000028c       0x1e c:/gcc-arm-none-eabi-10-2020-q4-major/bin/../lib/gcc/arm-none-eabi/10.2.1/thumb/v6-m/nofp/crtn.o

.comment        0x00000000       0x4d
 .comment       0x00000000       0x4d build/main.o
                                 0x4e (size before relaxing)
 .comment       0x0000004d       0x4e build/gpio.o
 .comment       0x0000004d       0x4e build/stm32c0xx_it.o
 .comment       0x0000004d       0x4e build/stm32c0xx_hal_msp.o
 .comment       0x0000004d       0x4e build/stm32c0xx_hal.o
 .comment       0x0000004d       0x4e build/stm32c0xx_hal_cortex.o
 .comment       0x0000004d       0x4e build/stm32c0xx_hal_rcc.o
 .comment       0x0000004d       0x4e build/stm32c0xx_hal_gpio.o
 .comment       0x0000004d       0x4e build/system_stm32c0xx.o

.debug_info     0x00000000     0x39ff
 .debug_info    0x00000000      0x581 build/main.o
 .debug_info    0x00000581      0x46f build/gpio.o
 .debug_info    0x000009f0      0x103 build/stm32c0xx_it.o
 .debug_info    0x00000af3      0x279 build/stm32c0xx_hal_msp.o
 .debug_info    0x00000d6c      0xa24 build/stm32c0xx_hal.o
 .debug_info    0x00001790      0xb1f build/stm32c0xx_hal_cortex.o
 .debug_info    0x000022af      0xc52 build/stm32c0xx_hal_rcc.o
 .debug_info    0x00002f01      0x6cf build/stm32c0xx_hal_gpio.o
 .debug_info    0x000035d0      0x40d build/system_stm32c0xx.o
 .debug_info    0x000039dd       0x22 build/startup_stm32c092xx.o

.debug_abbrev   0x00000000     0x1079
 .debug_abbrev  0x00000000      0x1c7 build/main.o
 .debug_abbrev  0x000001c7      0x163 build/gpio.o
 .debug_abbrev  0x0000032a       0x81 build/stm32c0xx_it.o
 .debug_abbrev  0x000003ab       0xd3 build/stm32c0xx_hal_msp.o
 .debug_abbrev  0x0000047e      0x322 build/stm32c0xx_hal.o
 .debug_abbrev  0x000007a0      0x2d4 build/stm32c0xx_hal_cortex.o
 .debug_abbrev  0x00000a74      0x283 build/stm32c0xx_hal_rcc.o
 .debug_abbrev  0x00000cf7      0x23c build/stm32c0xx_hal_gpio.o
 .debug_abbrev  0x00000f33      0x134 build/system_stm32c0xx.o
 .debug_abbrev  0x00001067       0x12 build/startup_stm32c092xx.o

.debug_loc      0x00000000     0x158a
 .debug_loc     0x00000000       0x4c build/main.o
 .debug_loc     0x0000004c       0x2c build/gpio.o
 .debug_loc     0x00000078       0x20 build/stm32c0xx_it.o
 .debug_loc     0x00000098       0x20 build/stm32c0xx_hal_msp.o
 .debug_loc     0x000000b8      0x2cb build/stm32c0xx_hal.o
 .debug_loc     0x00000383      0x498 build/stm32c0xx_hal_cortex.o
 .debug_loc     0x0000081b      0x7db build/stm32c0xx_hal_rcc.o
 .debug_loc     0x00000ff6      0x50a build/stm32c0xx_hal_gpio.o
 .debug_loc     0x00001500       0x8a build/system_stm32c0xx.o

.debug_aranges  0x00000000      0x388
 .debug_aranges
                0x00000000       0x30 build/main.o
 .debug_aranges
                0x00000030       0x20 build/gpio.o
 .debug_aranges
                0x00000050       0x40 build/stm32c0xx_it.o
 .debug_aranges
                0x00000090       0x20 build/stm32c0xx_hal_msp.o
 .debug_aranges
                0x000000b0       0xf0 build/stm32c0xx_hal.o
 .debug_aranges
                0x000001a0       0xa0 build/stm32c0xx_hal_cortex.o
 .debug_aranges
                0x00000240       0x90 build/stm32c0xx_hal_rcc.o
 .debug_aranges
                0x000002d0       0x68 build/stm32c0xx_hal_gpio.o
 .debug_aranges
                0x00000338       0x28 build/system_stm32c0xx.o
 .debug_aranges
                0x00000360       0x28 build/startup_stm32c092xx.o

.debug_ranges   0x00000000      0x388
 .debug_ranges  0x00000000       0x20 build/main.o
 .debug_ranges  0x00000020       0x10 build/gpio.o
 .debug_ranges  0x00000030       0x30 build/stm32c0xx_it.o
 .debug_ranges  0x00000060       0x10 build/stm32c0xx_hal_msp.o
 .debug_ranges  0x00000070       0xe0 build/stm32c0xx_hal.o
 .debug_ranges  0x00000150       0xf0 build/stm32c0xx_hal_cortex.o
 .debug_ranges  0x00000240       0xb8 build/stm32c0xx_hal_rcc.o
 .debug_ranges  0x000002f8       0x58 build/stm32c0xx_hal_gpio.o
 .debug_ranges  0x00000350       0x18 build/system_stm32c0xx.o
 .debug_ranges  0x00000368       0x20 build/startup_stm32c092xx.o

.debug_line     0x00000000     0x264b
 .debug_line    0x00000000      0x2c3 build/main.o
 .debug_line    0x000002c3      0x1a4 build/gpio.o
 .debug_line    0x00000467       0xf7 build/stm32c0xx_it.o
 .debug_line    0x0000055e      0x140 build/stm32c0xx_hal_msp.o
 .debug_line    0x0000069e      0x5ac build/stm32c0xx_hal.o
 .debug_line    0x00000c4a      0x66f build/stm32c0xx_hal_cortex.o
 .debug_line    0x000012b9      0xa69 build/stm32c0xx_hal_rcc.o
 .debug_line    0x00001d22      0x6a6 build/stm32c0xx_hal_gpio.o
 .debug_line    0x000023c8      0x20a build/system_stm32c0xx.o
 .debug_line    0x000025d2       0x79 build/startup_stm32c092xx.o

.debug_str      0x00000000     0x125c
 .debug_str     0x00000000      0x369 build/main.o
                                0x3bb (size before relaxing)
 .debug_str     0x00000369      0x12f build/gpio.o
                                0x2f0 (size before relaxing)
 .debug_str     0x00000498       0x6d build/stm32c0xx_it.o
                                0x1a0 (size before relaxing)
 .debug_str     0x00000505       0x29 build/stm32c0xx_hal_msp.o
                                0x227 (size before relaxing)
 .debug_str     0x0000052e      0x570 build/stm32c0xx_hal.o
                                0x7d4 (size before relaxing)
 .debug_str     0x00000a9e      0x397 build/stm32c0xx_hal_cortex.o
                                0x731 (size before relaxing)
 .debug_str     0x00000e35      0x252 build/stm32c0xx_hal_rcc.o
                                0x6b6 (size before relaxing)
 .debug_str     0x00001087      0x16d build/stm32c0xx_hal_gpio.o
                                0x3dd (size before relaxing)
 .debug_str     0x000011f4       0x44 build/system_stm32c0xx.o
                                0x2ab (size before relaxing)
 .debug_str     0x00001238       0x24 build/startup_stm32c092xx.o
                                 0x33 (size before relaxing)

.debug_frame    0x00000000      0x728
 .debug_frame   0x00000000       0x50 build/main.o
 .debug_frame   0x00000050       0x30 build/gpio.o
 .debug_frame   0x00000080       0x68 build/stm32c0xx_it.o
 .debug_frame   0x000000e8       0x24 build/stm32c0xx_hal_msp.o
 .debug_frame   0x0000010c      0x1ec build/stm32c0xx_hal.o
 .debug_frame   0x000002f8      0x134 build/stm32c0xx_hal_cortex.o
 .debug_frame   0x0000042c      0x170 build/stm32c0xx_hal_rcc.o
 .debug_frame   0x0000059c       0xe8 build/stm32c0xx_hal_gpio.o
 .debug_frame   0x00000684       0x38 build/system_stm32c0xx.o
 .debug_frame   0x000006bc       0x2c c:/gcc-arm-none-eabi-10-2020-q4-major/bin/../lib/gcc/arm-none-eabi/10.2.1/../../../../arm-none-eabi/lib/thumb/v6-m/nofp\libc_nano.a(lib_a-init.o)
 .debug_frame   0x000006e8       0x20 c:/gcc-arm-none-eabi-10-2020-q4-major/bin/../lib/gcc/arm-none-eabi/10.2.1/../../../../arm-none-eabi/lib/thumb/v6-m/nofp\libc_nano.a(lib_a-memset.o)
 .debug_frame   0x00000708       0x20 c:/gcc-arm-none-eabi-10-2020-q4-major/bin/../lib/gcc/arm-none-eabi/10.2.1/thumb/v6-m/nofp\libgcc.a(_udivsi3.o)

Cross Reference Table

Symbol                                            File
ADC1_IRQHandler                                   build/startup_stm32c092xx.o
AHBPrescTable                                     build/system_stm32c0xx.o
                                                  build/stm32c0xx_hal_rcc.o
APBPrescTable                                     build/system_stm32c0xx.o
                                                  build/stm32c0xx_hal_rcc.o
DMA1_Channel1_IRQHandler                          build/startup_stm32c092xx.o
DMA1_Channel2_3_IRQHandler                        build/startup_stm32c092xx.o
DMAMUX1_DMA1_CH4_5_IRQHandler                     build/startup_stm32c092xx.o
Default_Handler                                   build/startup_stm32c092xx.o
EXTI0_1_IRQHandler                                build/startup_stm32c092xx.o
EXTI2_3_IRQHandler                                build/startup_stm32c092xx.o
EXTI4_15_IRQHandler                               build/startup_stm32c092xx.o
Error_Handler                                     build/main.o
FDCAN1_IT0_IRQHandler                             build/startup_stm32c092xx.o
FDCAN1_IT1_IRQHandler                             build/startup_stm32c092xx.o
FLASH_FlushCaches                                 build/stm32c0xx_hal_flash_ex.o
FLASH_IRQHandler                                  build/startup_stm32c092xx.o
FLASH_PageErase                                   build/stm32c0xx_hal_flash_ex.o
                                                  build/stm32c0xx_hal_flash.o
FLASH_WaitForLastOperation                        build/stm32c0xx_hal_flash.o
                                                  build/stm32c0xx_hal_flash_ex.o
HAL_DBGMCU_DisableDBGStandbyMode                  build/stm32c0xx_hal.o
HAL_DBGMCU_DisableDBGStopMode                     build/stm32c0xx_hal.o
HAL_DBGMCU_EnableDBGStandbyMode                   build/stm32c0xx_hal.o
HAL_DBGMCU_EnableDBGStopMode                      build/stm32c0xx_hal.o
HAL_DMAEx_ConfigMuxRequestGenerator               build/stm32c0xx_hal_dma_ex.o
HAL_DMAEx_ConfigMuxSync                           build/stm32c0xx_hal_dma_ex.o
HAL_DMAEx_DisableMuxRequestGenerator              build/stm32c0xx_hal_dma_ex.o
HAL_DMAEx_EnableMuxRequestGenerator               build/stm32c0xx_hal_dma_ex.o
HAL_DMAEx_MUX_IRQHandler                          build/stm32c0xx_hal_dma_ex.o
HAL_DMA_Abort                                     build/stm32c0xx_hal_dma.o
HAL_DMA_Abort_IT                                  build/stm32c0xx_hal_dma.o
HAL_DMA_DeInit                                    build/stm32c0xx_hal_dma.o
HAL_DMA_GetError                                  build/stm32c0xx_hal_dma.o
HAL_DMA_GetState                                  build/stm32c0xx_hal_dma.o
HAL_DMA_IRQHandler                                build/stm32c0xx_hal_dma.o
HAL_DMA_Init                                      build/stm32c0xx_hal_dma.o
HAL_DMA_PollForTransfer                           build/stm32c0xx_hal_dma.o
HAL_DMA_RegisterCallback                          build/stm32c0xx_hal_dma.o
HAL_DMA_Start                                     build/stm32c0xx_hal_dma.o
HAL_DMA_Start_IT                                  build/stm32c0xx_hal_dma.o
HAL_DMA_UnRegisterCallback                        build/stm32c0xx_hal_dma.o
HAL_DeInit                                        build/stm32c0xx_hal.o
HAL_Delay                                         build/stm32c0xx_hal.o
                                                  build/main.o
HAL_EXTI_ClearConfigLine                          build/stm32c0xx_hal_exti.o
HAL_EXTI_ClearPending                             build/stm32c0xx_hal_exti.o
HAL_EXTI_GenerateSWI                              build/stm32c0xx_hal_exti.o
HAL_EXTI_GetConfigLine                            build/stm32c0xx_hal_exti.o
HAL_EXTI_GetHandle                                build/stm32c0xx_hal_exti.o
HAL_EXTI_GetPending                               build/stm32c0xx_hal_exti.o
HAL_EXTI_IRQHandler                               build/stm32c0xx_hal_exti.o
HAL_EXTI_RegisterCallback                         build/stm32c0xx_hal_exti.o
HAL_EXTI_SetConfigLine                            build/stm32c0xx_hal_exti.o
HAL_FLASHEx_DisableDebugger                       build/stm32c0xx_hal_flash_ex.o
HAL_FLASHEx_EnableDebugger                        build/stm32c0xx_hal_flash_ex.o
HAL_FLASHEx_EnableSecMemProtection                build/stm32c0xx_hal_flash_ex.o
HAL_FLASHEx_Erase                                 build/stm32c0xx_hal_flash_ex.o
HAL_FLASHEx_Erase_IT                              build/stm32c0xx_hal_flash_ex.o
HAL_FLASHEx_FlashEmptyCheck                       build/stm32c0xx_hal_flash_ex.o
HAL_FLASHEx_ForceFlashEmpty                       build/stm32c0xx_hal_flash_ex.o
HAL_FLASHEx_OBGetConfig                           build/stm32c0xx_hal_flash_ex.o
HAL_FLASHEx_OBProgram                             build/stm32c0xx_hal_flash_ex.o
HAL_FLASH_EndOfOperationCallback                  build/stm32c0xx_hal_flash.o
HAL_FLASH_GetError                                build/stm32c0xx_hal_flash.o
HAL_FLASH_IRQHandler                              build/stm32c0xx_hal_flash.o
HAL_FLASH_Lock                                    build/stm32c0xx_hal_flash.o
HAL_FLASH_OB_Launch                               build/stm32c0xx_hal_flash.o
HAL_FLASH_OB_Lock                                 build/stm32c0xx_hal_flash.o
HAL_FLASH_OB_Unlock                               build/stm32c0xx_hal_flash.o
HAL_FLASH_OperationErrorCallback                  build/stm32c0xx_hal_flash.o
HAL_FLASH_Program                                 build/stm32c0xx_hal_flash.o
HAL_FLASH_Program_IT                              build/stm32c0xx_hal_flash.o
HAL_FLASH_Unlock                                  build/stm32c0xx_hal_flash.o
HAL_GPIO_DeInit                                   build/stm32c0xx_hal_gpio.o
HAL_GPIO_EXTI_Falling_Callback                    build/stm32c0xx_hal_gpio.o
HAL_GPIO_EXTI_IRQHandler                          build/stm32c0xx_hal_gpio.o
HAL_GPIO_EXTI_Rising_Callback                     build/stm32c0xx_hal_gpio.o
HAL_GPIO_Init                                     build/stm32c0xx_hal_gpio.o
                                                  build/stm32c0xx_hal_rcc_ex.o
                                                  build/stm32c0xx_hal_rcc.o
                                                  build/gpio.o
HAL_GPIO_LockPin                                  build/stm32c0xx_hal_gpio.o
HAL_GPIO_ReadPin                                  build/stm32c0xx_hal_gpio.o
HAL_GPIO_TogglePin                                build/stm32c0xx_hal_gpio.o
                                                  build/main.o
HAL_GPIO_WriteMultipleStatePin                    build/stm32c0xx_hal_gpio.o
HAL_GPIO_WritePin                                 build/stm32c0xx_hal_gpio.o
                                                  build/gpio.o
HAL_GetDEVID                                      build/stm32c0xx_hal.o
HAL_GetHalVersion                                 build/stm32c0xx_hal.o
HAL_GetREVID                                      build/stm32c0xx_hal.o
HAL_GetTick                                       build/stm32c0xx_hal.o
                                                  build/stm32c0xx_hal_dma.o
                                                  build/stm32c0xx_hal_flash.o
                                                  build/stm32c0xx_hal_rcc_ex.o
                                                  build/stm32c0xx_hal_rcc.o
HAL_GetTickFreq                                   build/stm32c0xx_hal.o
HAL_GetTickPrio                                   build/stm32c0xx_hal.o
HAL_GetUIDw0                                      build/stm32c0xx_hal.o
HAL_GetUIDw1                                      build/stm32c0xx_hal.o
HAL_GetUIDw2                                      build/stm32c0xx_hal.o
HAL_IncTick                                       build/stm32c0xx_hal.o
                                                  build/stm32c0xx_it.o
HAL_Init                                          build/stm32c0xx_hal.o
                                                  build/main.o
HAL_InitTick                                      build/stm32c0xx_hal.o
                                                  build/stm32c0xx_hal_rcc.o
HAL_MPU_ConfigRegion                              build/stm32c0xx_hal_cortex.o
HAL_MPU_Disable                                   build/stm32c0xx_hal_cortex.o
HAL_MPU_DisableRegion                             build/stm32c0xx_hal_cortex.o
HAL_MPU_Enable                                    build/stm32c0xx_hal_cortex.o
HAL_MPU_EnableRegion                              build/stm32c0xx_hal_cortex.o
HAL_MspDeInit                                     build/stm32c0xx_hal.o
HAL_MspInit                                       build/stm32c0xx_hal_msp.o
HAL_NVIC_ClearPendingIRQ                          build/stm32c0xx_hal_cortex.o
HAL_NVIC_DisableIRQ                               build/stm32c0xx_hal_cortex.o
HAL_NVIC_EnableIRQ                                build/stm32c0xx_hal_cortex.o
HAL_NVIC_GetPendingIRQ                            build/stm32c0xx_hal_cortex.o
HAL_NVIC_GetPriority                              build/stm32c0xx_hal_cortex.o
HAL_NVIC_SetPendingIRQ                            build/stm32c0xx_hal_cortex.o
HAL_NVIC_SetPriority                              build/stm32c0xx_hal_cortex.o
                                                  build/stm32c0xx_hal.o
HAL_NVIC_SystemReset                              build/stm32c0xx_hal_cortex.o
HAL_PWREx_BKUPRead                                build/stm32c0xx_hal_pwr_ex.o
HAL_PWREx_BKUPWrite                               build/stm32c0xx_hal_pwr_ex.o
HAL_PWREx_DisableFlashPowerDown                   build/stm32c0xx_hal_pwr_ex.o
HAL_PWREx_DisableGPIOPullDown                     build/stm32c0xx_hal_pwr_ex.o
HAL_PWREx_DisableGPIOPullUp                       build/stm32c0xx_hal_pwr_ex.o
HAL_PWREx_DisableInternalWakeUpLine               build/stm32c0xx_hal_pwr_ex.o
HAL_PWREx_DisablePullUpPullDownConfig             build/stm32c0xx_hal_pwr_ex.o
HAL_PWREx_EnableFlashPowerDown                    build/stm32c0xx_hal_pwr_ex.o
HAL_PWREx_EnableGPIOPullDown                      build/stm32c0xx_hal_pwr_ex.o
HAL_PWREx_EnableGPIOPullUp                        build/stm32c0xx_hal_pwr_ex.o
HAL_PWREx_EnableInternalWakeUpLine                build/stm32c0xx_hal_pwr_ex.o
HAL_PWREx_EnablePullUpPullDownConfig              build/stm32c0xx_hal_pwr_ex.o
HAL_PWREx_EnterSHUTDOWNMode                       build/stm32c0xx_hal_pwr_ex.o
HAL_PWR_DeInit                                    build/stm32c0xx_hal_pwr.o
HAL_PWR_DisableSEVOnPend                          build/stm32c0xx_hal_pwr.o
HAL_PWR_DisableSleepOnExit                        build/stm32c0xx_hal_pwr.o
HAL_PWR_DisableWakeUpPin                          build/stm32c0xx_hal_pwr.o
HAL_PWR_EnableSEVOnPend                           build/stm32c0xx_hal_pwr.o
HAL_PWR_EnableSleepOnExit                         build/stm32c0xx_hal_pwr.o
HAL_PWR_EnableWakeUpPin                           build/stm32c0xx_hal_pwr.o
HAL_PWR_EnterSLEEPMode                            build/stm32c0xx_hal_pwr.o
HAL_PWR_EnterSTANDBYMode                          build/stm32c0xx_hal_pwr.o
HAL_PWR_EnterSTOPMode                             build/stm32c0xx_hal_pwr.o
HAL_RCCEx_DisableLSCO                             build/stm32c0xx_hal_rcc_ex.o
HAL_RCCEx_EnableLSCO                              build/stm32c0xx_hal_rcc_ex.o
HAL_RCCEx_GetPeriphCLKConfig                      build/stm32c0xx_hal_rcc_ex.o
HAL_RCCEx_GetPeriphCLKFreq                        build/stm32c0xx_hal_rcc_ex.o
HAL_RCCEx_PeriphCLKConfig                         build/stm32c0xx_hal_rcc_ex.o
HAL_RCC_CSSCallback                               build/stm32c0xx_hal_rcc.o
HAL_RCC_ClockConfig                               build/stm32c0xx_hal_rcc.o
                                                  build/main.o
HAL_RCC_DeInit                                    build/stm32c0xx_hal_rcc.o
HAL_RCC_DisableLSECSS                             build/stm32c0xx_hal_rcc.o
HAL_RCC_EnableCSS                                 build/stm32c0xx_hal_rcc.o
HAL_RCC_EnableLSECSS                              build/stm32c0xx_hal_rcc.o
HAL_RCC_GetClockConfig                            build/stm32c0xx_hal_rcc.o
HAL_RCC_GetHCLKFreq                               build/stm32c0xx_hal_rcc.o
HAL_RCC_GetOscConfig                              build/stm32c0xx_hal_rcc.o
HAL_RCC_GetPCLK1Freq                              build/stm32c0xx_hal_rcc.o
                                                  build/stm32c0xx_hal_rcc_ex.o
HAL_RCC_GetSysClockFreq                           build/stm32c0xx_hal_rcc.o
                                                  build/stm32c0xx_hal_rcc_ex.o
HAL_RCC_LSECSSCallback                            build/stm32c0xx_hal_rcc.o
HAL_RCC_MCOConfig                                 build/stm32c0xx_hal_rcc.o
HAL_RCC_NMI_IRQHandler                            build/stm32c0xx_hal_rcc.o
HAL_RCC_OscConfig                                 build/stm32c0xx_hal_rcc.o
                                                  build/main.o
HAL_ResumeTick                                    build/stm32c0xx_hal.o
HAL_SYSCFG_DisableRemap                           build/stm32c0xx_hal.o
HAL_SYSCFG_EnableRemap                            build/stm32c0xx_hal.o
HAL_SYSCFG_GetPinBinding                          build/stm32c0xx_hal.o
HAL_SYSCFG_SetPinBinding                          build/stm32c0xx_hal.o
HAL_SYSTICK_CLKSourceConfig                       build/stm32c0xx_hal_cortex.o
HAL_SYSTICK_Callback                              build/stm32c0xx_hal_cortex.o
HAL_SYSTICK_Config                                build/stm32c0xx_hal_cortex.o
                                                  build/stm32c0xx_hal.o
HAL_SYSTICK_IRQHandler                            build/stm32c0xx_hal_cortex.o
HAL_SetTickFreq                                   build/stm32c0xx_hal.o
HAL_SuspendTick                                   build/stm32c0xx_hal.o
HardFault_Handler                                 build/stm32c0xx_it.o
I2C1_IRQHandler                                   build/startup_stm32c092xx.o
I2C2_IRQHandler                                   build/startup_stm32c092xx.o
MX_GPIO_Init                                      build/gpio.o
                                                  build/main.o
NMI_Handler                                       build/stm32c0xx_it.o
PendSV_Handler                                    build/stm32c0xx_it.o
RCC_IRQHandler                                    build/startup_stm32c092xx.o
RTC_IRQHandler                                    build/startup_stm32c092xx.o
Reset_Handler                                     build/startup_stm32c092xx.o
SPI1_IRQHandler                                   build/startup_stm32c092xx.o
SPI2_IRQHandler                                   build/startup_stm32c092xx.o
SVC_Handler                                       build/stm32c0xx_it.o
SysTick_Handler                                   build/stm32c0xx_it.o
SystemClock_Config                                build/main.o
SystemCoreClock                                   build/system_stm32c0xx.o
                                                  build/stm32c0xx_hal_rcc.o
                                                  build/stm32c0xx_hal.o
SystemCoreClockUpdate                             build/system_stm32c0xx.o
SystemInit                                        build/system_stm32c0xx.o
                                                  build/startup_stm32c092xx.o
TIM14_IRQHandler                                  build/startup_stm32c092xx.o
TIM15_IRQHandler                                  build/startup_stm32c092xx.o
TIM16_IRQHandler                                  build/startup_stm32c092xx.o
TIM17_IRQHandler                                  build/startup_stm32c092xx.o
TIM1_BRK_UP_TRG_COM_IRQHandler                    build/startup_stm32c092xx.o
TIM1_CC_IRQHandler                                build/startup_stm32c092xx.o
TIM2_IRQHandler                                   build/startup_stm32c092xx.o
TIM3_IRQHandler                                   build/startup_stm32c092xx.o
USART1_IRQHandler                                 build/startup_stm32c092xx.o
USART2_IRQHandler                                 build/startup_stm32c092xx.o
USART3_4_IRQHandler                               build/startup_stm32c092xx.o
WWDG_IRQHandler                                   build/startup_stm32c092xx.o
__aeabi_idiv0                                     c:/gcc-arm-none-eabi-10-2020-q4-major/bin/../lib/gcc/arm-none-eabi/10.2.1/thumb/v6-m/nofp\libgcc.a(_dvmd_tls.o)
                                                  c:/gcc-arm-none-eabi-10-2020-q4-major/bin/../lib/gcc/arm-none-eabi/10.2.1/thumb/v6-m/nofp\libgcc.a(_udivsi3.o)
__aeabi_ldiv0                                     c:/gcc-arm-none-eabi-10-2020-q4-major/bin/../lib/gcc/arm-none-eabi/10.2.1/thumb/v6-m/nofp\libgcc.a(_dvmd_tls.o)
__aeabi_uidiv                                     c:/gcc-arm-none-eabi-10-2020-q4-major/bin/../lib/gcc/arm-none-eabi/10.2.1/thumb/v6-m/nofp\libgcc.a(_udivsi3.o)
                                                  build/system_stm32c0xx.o
                                                  build/stm32c0xx_hal_dma.o
                                                  build/stm32c0xx_hal_rcc_ex.o
                                                  build/stm32c0xx_hal_rcc.o
                                                  build/stm32c0xx_hal.o
__aeabi_uidivmod                                  c:/gcc-arm-none-eabi-10-2020-q4-major/bin/../lib/gcc/arm-none-eabi/10.2.1/thumb/v6-m/nofp\libgcc.a(_udivsi3.o)
__bss_end__                                       c:/gcc-arm-none-eabi-10-2020-q4-major/bin/../lib/gcc/arm-none-eabi/10.2.1/../../../../arm-none-eabi/lib/thumb/v6-m/nofp/crt0.o
__bss_start__                                     c:/gcc-arm-none-eabi-10-2020-q4-major/bin/../lib/gcc/arm-none-eabi/10.2.1/../../../../arm-none-eabi/lib/thumb/v6-m/nofp/crt0.o
__call_exitprocs                                  c:/gcc-arm-none-eabi-10-2020-q4-major/bin/../lib/gcc/arm-none-eabi/10.2.1/../../../../arm-none-eabi/lib/thumb/v6-m/nofp\libc_nano.a(lib_a-exit.o)
__deregister_frame_info                           c:/gcc-arm-none-eabi-10-2020-q4-major/bin/../lib/gcc/arm-none-eabi/10.2.1/thumb/v6-m/nofp/crtbegin.o
__dso_handle                                      c:/gcc-arm-none-eabi-10-2020-q4-major/bin/../lib/gcc/arm-none-eabi/10.2.1/thumb/v6-m/nofp/crtbegin.o
__init_array_end                                  c:/gcc-arm-none-eabi-10-2020-q4-major/bin/../lib/gcc/arm-none-eabi/10.2.1/../../../../arm-none-eabi/lib/thumb/v6-m/nofp\libc_nano.a(lib_a-init.o)
__init_array_start                                c:/gcc-arm-none-eabi-10-2020-q4-major/bin/../lib/gcc/arm-none-eabi/10.2.1/../../../../arm-none-eabi/lib/thumb/v6-m/nofp\libc_nano.a(lib_a-init.o)
__libc_fini_array                                 c:/gcc-arm-none-eabi-10-2020-q4-major/bin/../lib/gcc/arm-none-eabi/10.2.1/../../../../arm-none-eabi/lib/thumb/v6-m/nofp/crt0.o
__libc_init_array                                 c:/gcc-arm-none-eabi-10-2020-q4-major/bin/../lib/gcc/arm-none-eabi/10.2.1/../../../../arm-none-eabi/lib/thumb/v6-m/nofp\libc_nano.a(lib_a-init.o)
                                                  build/startup_stm32c092xx.o
                                                  c:/gcc-arm-none-eabi-10-2020-q4-major/bin/../lib/gcc/arm-none-eabi/10.2.1/../../../../arm-none-eabi/lib/thumb/v6-m/nofp/crt0.o
__preinit_array_end                               c:/gcc-arm-none-eabi-10-2020-q4-major/bin/../lib/gcc/arm-none-eabi/10.2.1/../../../../arm-none-eabi/lib/thumb/v6-m/nofp\libc_nano.a(lib_a-init.o)
__preinit_array_start                             c:/gcc-arm-none-eabi-10-2020-q4-major/bin/../lib/gcc/arm-none-eabi/10.2.1/../../../../arm-none-eabi/lib/thumb/v6-m/nofp\libc_nano.a(lib_a-init.o)
__register_frame_info                             c:/gcc-arm-none-eabi-10-2020-q4-major/bin/../lib/gcc/arm-none-eabi/10.2.1/thumb/v6-m/nofp/crtbegin.o
__sf_fake_stderr                                  c:/gcc-arm-none-eabi-10-2020-q4-major/bin/../lib/gcc/arm-none-eabi/10.2.1/../../../../arm-none-eabi/lib/thumb/v6-m/nofp\libc_nano.a(lib_a-impure.o)
__sf_fake_stdin                                   c:/gcc-arm-none-eabi-10-2020-q4-major/bin/../lib/gcc/arm-none-eabi/10.2.1/../../../../arm-none-eabi/lib/thumb/v6-m/nofp\libc_nano.a(lib_a-impure.o)
__sf_fake_stdout                                  c:/gcc-arm-none-eabi-10-2020-q4-major/bin/../lib/gcc/arm-none-eabi/10.2.1/../../../../arm-none-eabi/lib/thumb/v6-m/nofp\libc_nano.a(lib_a-impure.o)
__stack                                           c:/gcc-arm-none-eabi-10-2020-q4-major/bin/../lib/gcc/arm-none-eabi/10.2.1/../../../../arm-none-eabi/lib/thumb/v6-m/nofp/crt0.o
__udivsi3                                         c:/gcc-arm-none-eabi-10-2020-q4-major/bin/../lib/gcc/arm-none-eabi/10.2.1/thumb/v6-m/nofp\libgcc.a(_udivsi3.o)
_ebss                                             build/startup_stm32c092xx.o
_edata                                            build/startup_stm32c092xx.o
_estack                                           build/startup_stm32c092xx.o
_exit                                             c:/gcc-arm-none-eabi-10-2020-q4-major/bin/../lib/gcc/arm-none-eabi/10.2.1/../../../../arm-none-eabi/lib/thumb/v6-m/nofp\libnosys.a(_exit.o)
                                                  c:/gcc-arm-none-eabi-10-2020-q4-major/bin/../lib/gcc/arm-none-eabi/10.2.1/../../../../arm-none-eabi/lib/thumb/v6-m/nofp\libc_nano.a(lib_a-exit.o)
_fini                                             c:/gcc-arm-none-eabi-10-2020-q4-major/bin/../lib/gcc/arm-none-eabi/10.2.1/thumb/v6-m/nofp/crti.o
_global_impure_ptr                                c:/gcc-arm-none-eabi-10-2020-q4-major/bin/../lib/gcc/arm-none-eabi/10.2.1/../../../../arm-none-eabi/lib/thumb/v6-m/nofp\libc_nano.a(lib_a-impure.o)
                                                  c:/gcc-arm-none-eabi-10-2020-q4-major/bin/../lib/gcc/arm-none-eabi/10.2.1/../../../../arm-none-eabi/lib/thumb/v6-m/nofp\libc_nano.a(lib_a-exit.o)
_impure_ptr                                       c:/gcc-arm-none-eabi-10-2020-q4-major/bin/../lib/gcc/arm-none-eabi/10.2.1/../../../../arm-none-eabi/lib/thumb/v6-m/nofp\libc_nano.a(lib_a-impure.o)
_init                                             c:/gcc-arm-none-eabi-10-2020-q4-major/bin/../lib/gcc/arm-none-eabi/10.2.1/thumb/v6-m/nofp/crti.o
                                                  c:/gcc-arm-none-eabi-10-2020-q4-major/bin/../lib/gcc/arm-none-eabi/10.2.1/../../../../arm-none-eabi/lib/thumb/v6-m/nofp\libc_nano.a(lib_a-init.o)
_mainCRTStartup                                   c:/gcc-arm-none-eabi-10-2020-q4-major/bin/../lib/gcc/arm-none-eabi/10.2.1/../../../../arm-none-eabi/lib/thumb/v6-m/nofp/crt0.o
_sbss                                             build/startup_stm32c092xx.o
_sdata                                            build/startup_stm32c092xx.o
_sidata                                           build/startup_stm32c092xx.o
_stack_init                                       c:/gcc-arm-none-eabi-10-2020-q4-major/bin/../lib/gcc/arm-none-eabi/10.2.1/../../../../arm-none-eabi/lib/thumb/v6-m/nofp/crt0.o
_start                                            c:/gcc-arm-none-eabi-10-2020-q4-major/bin/../lib/gcc/arm-none-eabi/10.2.1/../../../../arm-none-eabi/lib/thumb/v6-m/nofp/crt0.o
atexit                                            c:/gcc-arm-none-eabi-10-2020-q4-major/bin/../lib/gcc/arm-none-eabi/10.2.1/../../../../arm-none-eabi/lib/thumb/v6-m/nofp/crt0.o
exit                                              c:/gcc-arm-none-eabi-10-2020-q4-major/bin/../lib/gcc/arm-none-eabi/10.2.1/../../../../arm-none-eabi/lib/thumb/v6-m/nofp\libc_nano.a(lib_a-exit.o)
                                                  c:/gcc-arm-none-eabi-10-2020-q4-major/bin/../lib/gcc/arm-none-eabi/10.2.1/../../../../arm-none-eabi/lib/thumb/v6-m/nofp/crt0.o
g_pfnVectors                                      build/startup_stm32c092xx.o
hardware_init_hook                                c:/gcc-arm-none-eabi-10-2020-q4-major/bin/../lib/gcc/arm-none-eabi/10.2.1/../../../../arm-none-eabi/lib/thumb/v6-m/nofp/crt0.o
main                                              build/main.o
                                                  build/startup_stm32c092xx.o
                                                  c:/gcc-arm-none-eabi-10-2020-q4-major/bin/../lib/gcc/arm-none-eabi/10.2.1/../../../../arm-none-eabi/lib/thumb/v6-m/nofp/crt0.o
memset                                            c:/gcc-arm-none-eabi-10-2020-q4-major/bin/../lib/gcc/arm-none-eabi/10.2.1/../../../../arm-none-eabi/lib/thumb/v6-m/nofp\libc_nano.a(lib_a-memset.o)
                                                  build/gpio.o
                                                  build/main.o
                                                  c:/gcc-arm-none-eabi-10-2020-q4-major/bin/../lib/gcc/arm-none-eabi/10.2.1/../../../../arm-none-eabi/lib/thumb/v6-m/nofp/crt0.o
pFlash                                            build/stm32c0xx_hal_flash.o
                                                  build/stm32c0xx_hal_flash_ex.o
software_init_hook                                c:/gcc-arm-none-eabi-10-2020-q4-major/bin/../lib/gcc/arm-none-eabi/10.2.1/../../../../arm-none-eabi/lib/thumb/v6-m/nofp/crt0.o
uwTick                                            build/stm32c0xx_hal.o
uwTickFreq                                        build/stm32c0xx_hal.o
uwTickPrio                                        build/stm32c0xx_hal.o
                                                  build/stm32c0xx_hal_rcc.o
